running develop
running egg_info
creating g1_voice.egg-info
writing g1_voice.egg-info/PKG-INFO
writing dependency_links to g1_voice.egg-info/dependency_links.txt
writing entry points to g1_voice.egg-info/entry_points.txt
writing requirements to g1_voice.egg-info/requires.txt
writing top-level names to g1_voice.egg-info/top_level.txt
writing manifest file 'g1_voice.egg-info/SOURCES.txt'
reading manifest file 'g1_voice.egg-info/SOURCES.txt'
writing manifest file 'g1_voice.egg-info/SOURCES.txt'
running build_ext
Creating /home/unitree/unitree_converse/install/g1_voice/lib/python3.8/site-packages/site.py
Creating /home/unitree/unitree_converse/install/g1_voice/lib/python3.8/site-packages/g1-voice.egg-link (link to .)
Installing action_dispatcher_node script to /home/unitree/unitree_converse/install/g1_voice/lib/g1_voice
Installing robot_state_mock_node script to /home/unitree/unitree_converse/install/g1_voice/lib/g1_voice
Installing stt_node script to /home/unitree/unitree_converse/install/g1_voice/lib/g1_voice
Installing tts_node script to /home/unitree/unitree_converse/install/g1_voice/lib/g1_voice
Installing wake_word_node script to /home/unitree/unitree_converse/install/g1_voice/lib/g1_voice

Installed /home/unitree/unitree_converse/build/g1_voice
running symlink_data
creating /home/unitree/unitree_converse/install/g1_voice/share/ament_index
creating /home/unitree/unitree_converse/install/g1_voice/share/ament_index/resource_index
creating /home/unitree/unitree_converse/install/g1_voice/share/ament_index/resource_index/packages
symbolically linking /home/unitree/unitree_converse/build/g1_voice/resource/g1_voice -> /home/unitree/unitree_converse/install/g1_voice/share/ament_index/resource_index/packages
symbolically linking /home/unitree/unitree_converse/build/g1_voice/package.xml -> /home/unitree/unitree_converse/install/g1_voice/share/g1_voice
creating /home/unitree/unitree_converse/install/g1_voice/share/g1_voice/launch
symbolically linking /home/unitree/unitree_converse/build/g1_voice/launch/voice_real.launch.py -> /home/unitree/unitree_converse/install/g1_voice/share/g1_voice/launch
symbolically linking /home/unitree/unitree_converse/build/g1_voice/launch/voice_sim.launch.py -> /home/unitree/unitree_converse/install/g1_voice/share/g1_voice/launch
creating /home/unitree/unitree_converse/install/g1_voice/share/g1_voice/config
symbolically linking /home/unitree/unitree_converse/build/g1_voice/config/voice_params.yaml -> /home/unitree/unitree_converse/install/g1_voice/share/g1_voice/config
symbolically linking /home/unitree/unitree_converse/build/g1_voice/config/voice_params_real.yaml -> /home/unitree/unitree_converse/install/g1_voice/share/g1_voice/config
