[1.123s] Invoking command in '/home/unitree/unitree_converse/build/g1_voice': PYTHONPATH=/home/unitree/unitree_converse/build/g1_voice/prefix_override:/usr/lib/python3/dist-packages/colcon_core/task/python/colcon_distutils_commands:/home/unitree/unitree_converse/install/g1_voice/lib/python3.8/site-packages:/home/unitree/unitree_converse/install/bob_llm/lib/python3.8/site-packages:/home/unitree/unitree_converse/install/g1_voice/lib/python3.8/site-packages:/opt/ros/foxy/lib/python3.8/site-packages /usr/bin/python3 -W ignore:setup.py install is deprecated setup.py develop --editable --build-directory /home/unitree/unitree_converse/build/g1_voice/build --no-deps symlink_data
[1.495s] running develop
[1.715s] running egg_info
[1.716s] creating g1_voice.egg-info
[1.716s] writing g1_voice.egg-info/PKG-INFO
[1.716s] writing dependency_links to g1_voice.egg-info/dependency_links.txt
[1.717s] writing entry points to g1_voice.egg-info/entry_points.txt
[1.717s] writing requirements to g1_voice.egg-info/requires.txt
[1.717s] writing top-level names to g1_voice.egg-info/top_level.txt
[1.718s] writing manifest file 'g1_voice.egg-info/SOURCES.txt'
[1.763s] reading manifest file 'g1_voice.egg-info/SOURCES.txt'
[1.764s] writing manifest file 'g1_voice.egg-info/SOURCES.txt'
[1.820s] running build_ext
[1.820s] Creating /home/unitree/unitree_converse/install/g1_voice/lib/python3.8/site-packages/site.py
[1.824s] Creating /home/unitree/unitree_converse/install/g1_voice/lib/python3.8/site-packages/g1-voice.egg-link (link to .)
[1.825s] Installing action_dispatcher_node script to /home/unitree/unitree_converse/install/g1_voice/lib/g1_voice
[1.826s] Installing robot_state_mock_node script to /home/unitree/unitree_converse/install/g1_voice/lib/g1_voice
[1.826s] Installing stt_node script to /home/unitree/unitree_converse/install/g1_voice/lib/g1_voice
[1.826s] Installing tts_node script to /home/unitree/unitree_converse/install/g1_voice/lib/g1_voice
[1.827s] Installing wake_word_node script to /home/unitree/unitree_converse/install/g1_voice/lib/g1_voice
[1.827s] 
[1.828s] Installed /home/unitree/unitree_converse/build/g1_voice
[1.828s] running symlink_data
[1.828s] creating /home/unitree/unitree_converse/install/g1_voice/share/ament_index
[1.828s] creating /home/unitree/unitree_converse/install/g1_voice/share/ament_index/resource_index
[1.829s] creating /home/unitree/unitree_converse/install/g1_voice/share/ament_index/resource_index/packages
[1.829s] symbolically linking /home/unitree/unitree_converse/build/g1_voice/resource/g1_voice -> /home/unitree/unitree_converse/install/g1_voice/share/ament_index/resource_index/packages
[1.829s] symbolically linking /home/unitree/unitree_converse/build/g1_voice/package.xml -> /home/unitree/unitree_converse/install/g1_voice/share/g1_voice
[1.829s] creating /home/unitree/unitree_converse/install/g1_voice/share/g1_voice/launch
[1.830s] symbolically linking /home/unitree/unitree_converse/build/g1_voice/launch/voice_real.launch.py -> /home/unitree/unitree_converse/install/g1_voice/share/g1_voice/launch
[1.830s] symbolically linking /home/unitree/unitree_converse/build/g1_voice/launch/voice_sim.launch.py -> /home/unitree/unitree_converse/install/g1_voice/share/g1_voice/launch
[1.830s] creating /home/unitree/unitree_converse/install/g1_voice/share/g1_voice/config
[1.830s] symbolically linking /home/unitree/unitree_converse/build/g1_voice/config/voice_params.yaml -> /home/unitree/unitree_converse/install/g1_voice/share/g1_voice/config
[1.831s] symbolically linking /home/unitree/unitree_converse/build/g1_voice/config/voice_params_real.yaml -> /home/unitree/unitree_converse/install/g1_voice/share/g1_voice/config
[1.900s] Invoked command in '/home/unitree/unitree_converse/build/g1_voice' returned '0': PYTHONPATH=/home/unitree/unitree_converse/build/g1_voice/prefix_override:/usr/lib/python3/dist-packages/colcon_core/task/python/colcon_distutils_commands:/home/unitree/unitree_converse/install/g1_voice/lib/python3.8/site-packages:/home/unitree/unitree_converse/install/bob_llm/lib/python3.8/site-packages:/home/unitree/unitree_converse/install/g1_voice/lib/python3.8/site-packages:/opt/ros/foxy/lib/python3.8/site-packages /usr/bin/python3 -W ignore:setup.py install is deprecated setup.py develop --editable --build-directory /home/unitree/unitree_converse/build/g1_voice/build --no-deps symlink_data
