[0.341s] [34mcolcon[0m [1;30mDEBUG[0m [32mCommand line arguments: ['/usr/bin/colcon', 'build', '--symlink-install'][0m
[0.342s] [34mcolcon[0m [1;30mDEBUG[0m [32mParsed command line arguments: Namespace(allow_overriding=[], ament_cmake_args=None, base_paths=['.'], build_base='build', catkin_cmake_args=None, catkin_skip_building_tests=False, cmake_args=None, cmake_clean_cache=False, cmake_clean_first=False, cmake_force_configure=False, cmake_target=None, cmake_target_skip_unavailable=False, continue_on_error=False, event_handlers=None, executor='parallel', ignore_user_meta=False, install_base='install', log_base=None, log_level=None, main=<bound method BuildVerb.main of <colcon_core.verb.build.BuildVerb object at 0xffffb1c04fa0>>, merge_install=False, metas=['./colcon.meta'], packages_above=None, packages_above_and_dependencies=None, packages_above_depth=None, packages_end=None, packages_ignore=None, packages_ignore_regex=None, packages_select=None, packages_select_build_failed=False, packages_select_by_dep=None, packages_select_regex=None, packages_select_test_failures=False, packages_skip=None, packages_skip_build_finished=False, packages_skip_by_dep=None, packages_skip_regex=None, packages_skip_test_passed=False, packages_skip_up_to=None, packages_start=None, packages_up_to=None, packages_up_to_regex=None, parallel_workers=8, paths=None, symlink_install=True, test_result_base=None, verb_extension=<colcon_core.verb.build.BuildVerb object at 0xffffb1c04fa0>, verb_name='build', verb_parser=<colcon_defaults.argument_parser.defaults.DefaultArgumentsDecorator object at 0xffffb1b1ba30>)[0m
[0.574s] [34mcolcon.colcon_core.package_discovery[0m [1;30mLevel 1[0m discover_packages(colcon_meta) check parameters
[0.574s] [34mcolcon.colcon_core.package_discovery[0m [1;30mLevel 1[0m discover_packages(recursive) check parameters
[0.574s] [34mcolcon.colcon_core.package_discovery[0m [1;30mLevel 1[0m discover_packages(ignore) check parameters
[0.574s] [34mcolcon.colcon_core.package_discovery[0m [1;30mLevel 1[0m discover_packages(path) check parameters
[0.575s] [34mcolcon.colcon_core.package_discovery[0m [1;30mLevel 1[0m discover_packages(colcon_meta) discover
[0.575s] [34mcolcon.colcon_core.package_discovery[0m [1;30mLevel 1[0m discover_packages(recursive) discover
[0.575s] [34mcolcon.colcon_core.package_discovery[0m [1;30mINFO[0m Crawling recursively for packages in '/home/unitree/unitree_converse'
[0.575s] [34mcolcon.colcon_core.package_identification[0m [1;30mLevel 1[0m _identify(.) by extensions ['ignore', 'ignore_ament_install']
[0.575s] [34mcolcon.colcon_core.package_identification[0m [1;30mLevel 1[0m _identify(.) by extension 'ignore'
[0.575s] [34mcolcon.colcon_core.package_identification[0m [1;30mLevel 1[0m _identify(.) by extension 'ignore_ament_install'
[0.575s] [34mcolcon.colcon_core.package_identification[0m [1;30mLevel 1[0m _identify(.) by extensions ['colcon_pkg']
[0.575s] [34mcolcon.colcon_core.package_identification[0m [1;30mLevel 1[0m _identify(.) by extension 'colcon_pkg'
[0.576s] [34mcolcon.colcon_core.package_identification[0m [1;30mLevel 1[0m _identify(.) by extensions ['colcon_meta']
[0.576s] [34mcolcon.colcon_core.package_identification[0m [1;30mLevel 1[0m _identify(.) by extension 'colcon_meta'
[0.576s] [34mcolcon.colcon_core.package_identification[0m [1;30mLevel 1[0m _identify(.) by extensions ['ros']
[0.576s] [34mcolcon.colcon_core.package_identification[0m [1;30mLevel 1[0m _identify(.) by extension 'ros'
[0.593s] [34mcolcon.colcon_core.package_identification[0m [1;30mLevel 1[0m _identify(.) by extensions ['cmake', 'python']
[0.593s] [34mcolcon.colcon_core.package_identification[0m [1;30mLevel 1[0m _identify(.) by extension 'cmake'
[0.593s] [34mcolcon.colcon_core.package_identification[0m [1;30mLevel 1[0m _identify(.) by extension 'python'
[0.593s] [34mcolcon.colcon_core.package_identification[0m [1;30mLevel 1[0m _identify(.) by extensions ['python_setup_py']
[0.593s] [34mcolcon.colcon_core.package_identification[0m [1;30mLevel 1[0m _identify(.) by extension 'python_setup_py'
[0.594s] [34mcolcon.colcon_core.package_identification[0m [1;30mLevel 1[0m _identify(build) by extensions ['ignore', 'ignore_ament_install']
[0.594s] [34mcolcon.colcon_core.package_identification[0m [1;30mLevel 1[0m _identify(build) by extension 'ignore'
[0.594s] [34mcolcon.colcon_core.package_identification[0m [1;30mLevel 1[0m _identify(build) ignored
[0.594s] [34mcolcon.colcon_core.package_identification[0m [1;30mLevel 1[0m _identify(install) by extensions ['ignore', 'ignore_ament_install']
[0.594s] [34mcolcon.colcon_core.package_identification[0m [1;30mLevel 1[0m _identify(install) by extension 'ignore'
[0.594s] [34mcolcon.colcon_core.package_identification[0m [1;30mLevel 1[0m _identify(install) ignored
[0.595s] [34mcolcon.colcon_core.package_identification[0m [1;30mLevel 1[0m _identify(log) by extensions ['ignore', 'ignore_ament_install']
[0.595s] [34mcolcon.colcon_core.package_identification[0m [1;30mLevel 1[0m _identify(log) by extension 'ignore'
[0.595s] [34mcolcon.colcon_core.package_identification[0m [1;30mLevel 1[0m _identify(log) ignored
[0.595s] [34mcolcon.colcon_core.package_identification[0m [1;30mLevel 1[0m _identify(src) by extensions ['ignore', 'ignore_ament_install']
[0.595s] [34mcolcon.colcon_core.package_identification[0m [1;30mLevel 1[0m _identify(src) by extension 'ignore'
[0.595s] [34mcolcon.colcon_core.package_identification[0m [1;30mLevel 1[0m _identify(src) by extension 'ignore_ament_install'
[0.595s] [34mcolcon.colcon_core.package_identification[0m [1;30mLevel 1[0m _identify(src) by extensions ['colcon_pkg']
[0.595s] [34mcolcon.colcon_core.package_identification[0m [1;30mLevel 1[0m _identify(src) by extension 'colcon_pkg'
[0.595s] [34mcolcon.colcon_core.package_identification[0m [1;30mLevel 1[0m _identify(src) by extensions ['colcon_meta']
[0.595s] [34mcolcon.colcon_core.package_identification[0m [1;30mLevel 1[0m _identify(src) by extension 'colcon_meta'
[0.595s] [34mcolcon.colcon_core.package_identification[0m [1;30mLevel 1[0m _identify(src) by extensions ['ros']
[0.596s] [34mcolcon.colcon_core.package_identification[0m [1;30mLevel 1[0m _identify(src) by extension 'ros'
[0.596s] [34mcolcon.colcon_core.package_identification[0m [1;30mLevel 1[0m _identify(src) by extensions ['cmake', 'python']
[0.596s] [34mcolcon.colcon_core.package_identification[0m [1;30mLevel 1[0m _identify(src) by extension 'cmake'
[0.596s] [34mcolcon.colcon_core.package_identification[0m [1;30mLevel 1[0m _identify(src) by extension 'python'
[0.596s] [34mcolcon.colcon_core.package_identification[0m [1;30mLevel 1[0m _identify(src) by extensions ['python_setup_py']
[0.596s] [34mcolcon.colcon_core.package_identification[0m [1;30mLevel 1[0m _identify(src) by extension 'python_setup_py'
[0.596s] [34mcolcon.colcon_core.package_identification[0m [1;30mLevel 1[0m _identify(src/bob_llm) by extensions ['ignore', 'ignore_ament_install']
[0.596s] [34mcolcon.colcon_core.package_identification[0m [1;30mLevel 1[0m _identify(src/bob_llm) by extension 'ignore'
[0.596s] [34mcolcon.colcon_core.package_identification[0m [1;30mLevel 1[0m _identify(src/bob_llm) by extension 'ignore_ament_install'
[0.596s] [34mcolcon.colcon_core.package_identification[0m [1;30mLevel 1[0m _identify(src/bob_llm) by extensions ['colcon_pkg']
[0.596s] [34mcolcon.colcon_core.package_identification[0m [1;30mLevel 1[0m _identify(src/bob_llm) by extension 'colcon_pkg'
[0.597s] [34mcolcon.colcon_core.package_identification[0m [1;30mLevel 1[0m _identify(src/bob_llm) by extensions ['colcon_meta']
[0.597s] [34mcolcon.colcon_core.package_identification[0m [1;30mLevel 1[0m _identify(src/bob_llm) by extension 'colcon_meta'
[0.597s] [34mcolcon.colcon_core.package_identification[0m [1;30mLevel 1[0m _identify(src/bob_llm) by extensions ['ros']
[0.597s] [34mcolcon.colcon_core.package_identification[0m [1;30mLevel 1[0m _identify(src/bob_llm) by extension 'ros'
[0.601s] [34mcolcon.colcon_core.package_identification[0m [1;30mDEBUG[0m [32mPackage 'src/bob_llm' with type 'ros.ament_cmake' and name 'bob_llm'[0m
[0.602s] [34mcolcon.colcon_core.package_identification[0m [1;30mLevel 1[0m _identify(src/g1_voice) by extensions ['ignore', 'ignore_ament_install']
[0.602s] [34mcolcon.colcon_core.package_identification[0m [1;30mLevel 1[0m _identify(src/g1_voice) by extension 'ignore'
[0.602s] [34mcolcon.colcon_core.package_identification[0m [1;30mLevel 1[0m _identify(src/g1_voice) by extension 'ignore_ament_install'
[0.602s] [34mcolcon.colcon_core.package_identification[0m [1;30mLevel 1[0m _identify(src/g1_voice) by extensions ['colcon_pkg']
[0.602s] [34mcolcon.colcon_core.package_identification[0m [1;30mLevel 1[0m _identify(src/g1_voice) by extension 'colcon_pkg'
[0.602s] [34mcolcon.colcon_core.package_identification[0m [1;30mLevel 1[0m _identify(src/g1_voice) by extensions ['colcon_meta']
[0.602s] [34mcolcon.colcon_core.package_identification[0m [1;30mLevel 1[0m _identify(src/g1_voice) by extension 'colcon_meta'
[0.602s] [34mcolcon.colcon_core.package_identification[0m [1;30mLevel 1[0m _identify(src/g1_voice) by extensions ['ros']
[0.602s] [34mcolcon.colcon_core.package_identification[0m [1;30mLevel 1[0m _identify(src/g1_voice) by extension 'ros'
[0.604s] [34mcolcon.colcon_core.package_identification[0m [1;30mDEBUG[0m [32mPackage 'src/g1_voice' with type 'ros.ament_python' and name 'g1_voice'[0m
[0.604s] [34mcolcon.colcon_core.package_discovery[0m [1;30mLevel 1[0m discover_packages(recursive) using defaults
[0.604s] [34mcolcon.colcon_core.package_discovery[0m [1;30mLevel 1[0m discover_packages(ignore) discover
[0.604s] [34mcolcon.colcon_core.package_discovery[0m [1;30mLevel 1[0m discover_packages(ignore) using defaults
[0.604s] [34mcolcon.colcon_core.package_discovery[0m [1;30mLevel 1[0m discover_packages(path) discover
[0.604s] [34mcolcon.colcon_core.package_discovery[0m [1;30mLevel 1[0m discover_packages(path) using defaults
[0.632s] [34mcolcon.colcon_core.package_discovery[0m [1;30mLevel 1[0m discover_packages(prefix_path) check parameters
[0.632s] [34mcolcon.colcon_core.package_discovery[0m [1;30mLevel 1[0m discover_packages(prefix_path) discover
[0.635s] [34mcolcon.colcon_installed_package_information.package_discovery[0m [1;30mDEBUG[0m [32mFound 3 installed packages in /home/unitree/unitree_ros2/cyclonedds_ws/install[0m
[0.636s] [34mcolcon.colcon_installed_package_information.package_discovery[0m [1;30mDEBUG[0m [32mFound 2 installed packages in /home/unitree/cyclonedds_ws/install[0m
[0.638s] [34mcolcon.colcon_installed_package_information.package_discovery[0m [1;30mDEBUG[0m [32mFound 291 installed packages in /opt/ros/foxy[0m
[0.640s] [34mcolcon.colcon_core.package_discovery[0m [1;30mLevel 1[0m discover_packages(prefix_path) using defaults
[0.765s] [34mcolcon.colcon_core.verb[0m [1;30mLevel 5[0m set package 'bob_llm' build argument 'cmake_args' from command line to 'None'
[0.765s] [34mcolcon.colcon_core.verb[0m [1;30mLevel 5[0m set package 'bob_llm' build argument 'cmake_target' from command line to 'None'
[0.765s] [34mcolcon.colcon_core.verb[0m [1;30mLevel 5[0m set package 'bob_llm' build argument 'cmake_target_skip_unavailable' from command line to 'False'
[0.765s] [34mcolcon.colcon_core.verb[0m [1;30mLevel 5[0m set package 'bob_llm' build argument 'cmake_clean_cache' from command line to 'False'
[0.765s] [34mcolcon.colcon_core.verb[0m [1;30mLevel 5[0m set package 'bob_llm' build argument 'cmake_clean_first' from command line to 'False'
[0.765s] [34mcolcon.colcon_core.verb[0m [1;30mLevel 5[0m set package 'bob_llm' build argument 'cmake_force_configure' from command line to 'False'
[0.765s] [34mcolcon.colcon_core.verb[0m [1;30mLevel 5[0m set package 'bob_llm' build argument 'ament_cmake_args' from command line to 'None'
[0.765s] [34mcolcon.colcon_core.verb[0m [1;30mLevel 5[0m set package 'bob_llm' build argument 'catkin_cmake_args' from command line to 'None'
[0.765s] [34mcolcon.colcon_core.verb[0m [1;30mLevel 5[0m set package 'bob_llm' build argument 'catkin_skip_building_tests' from command line to 'False'
[0.765s] [34mcolcon.colcon_core.verb[0m [1;30mDEBUG[0m [32mBuilding package 'bob_llm' with the following arguments: {'ament_cmake_args': None, 'build_base': '/home/unitree/unitree_converse/build/bob_llm', 'catkin_cmake_args': None, 'catkin_skip_building_tests': False, 'cmake_args': None, 'cmake_clean_cache': False, 'cmake_clean_first': False, 'cmake_force_configure': False, 'cmake_target': None, 'cmake_target_skip_unavailable': False, 'install_base': '/home/unitree/unitree_converse/install/bob_llm', 'merge_install': False, 'path': '/home/unitree/unitree_converse/src/bob_llm', 'symlink_install': True, 'test_result_base': None}[0m
[0.766s] [34mcolcon.colcon_core.verb[0m [1;30mLevel 5[0m set package 'g1_voice' build argument 'cmake_args' from command line to 'None'
[0.766s] [34mcolcon.colcon_core.verb[0m [1;30mLevel 5[0m set package 'g1_voice' build argument 'cmake_target' from command line to 'None'
[0.766s] [34mcolcon.colcon_core.verb[0m [1;30mLevel 5[0m set package 'g1_voice' build argument 'cmake_target_skip_unavailable' from command line to 'False'
[0.766s] [34mcolcon.colcon_core.verb[0m [1;30mLevel 5[0m set package 'g1_voice' build argument 'cmake_clean_cache' from command line to 'False'
[0.766s] [34mcolcon.colcon_core.verb[0m [1;30mLevel 5[0m set package 'g1_voice' build argument 'cmake_clean_first' from command line to 'False'
[0.766s] [34mcolcon.colcon_core.verb[0m [1;30mLevel 5[0m set package 'g1_voice' build argument 'cmake_force_configure' from command line to 'False'
[0.766s] [34mcolcon.colcon_core.verb[0m [1;30mLevel 5[0m set package 'g1_voice' build argument 'ament_cmake_args' from command line to 'None'
[0.766s] [34mcolcon.colcon_core.verb[0m [1;30mLevel 5[0m set package 'g1_voice' build argument 'catkin_cmake_args' from command line to 'None'
[0.766s] [34mcolcon.colcon_core.verb[0m [1;30mLevel 5[0m set package 'g1_voice' build argument 'catkin_skip_building_tests' from command line to 'False'
[0.766s] [34mcolcon.colcon_core.verb[0m [1;30mDEBUG[0m [32mBuilding package 'g1_voice' with the following arguments: {'ament_cmake_args': None, 'build_base': '/home/unitree/unitree_converse/build/g1_voice', 'catkin_cmake_args': None, 'catkin_skip_building_tests': False, 'cmake_args': None, 'cmake_clean_cache': False, 'cmake_clean_first': False, 'cmake_force_configure': False, 'cmake_target': None, 'cmake_target_skip_unavailable': False, 'install_base': '/home/unitree/unitree_converse/install/g1_voice', 'merge_install': False, 'path': '/home/unitree/unitree_converse/src/g1_voice', 'symlink_install': True, 'test_result_base': None}[0m
[0.767s] [34mcolcon.colcon_core.executor[0m [1;30mINFO[0m Executing jobs using 'parallel' executor
[0.769s] [34mcolcon.colcon_parallel_executor.executor.parallel[0m [1;30mDEBUG[0m [32mrun_until_complete[0m
[0.770s] [34mcolcon.colcon_ros.task.ament_cmake.build[0m [1;30mINFO[0m Building ROS package in '/home/unitree/unitree_converse/src/bob_llm' with build type 'ament_cmake'
[0.770s] [34mcolcon.colcon_cmake.task.cmake.build[0m [1;30mINFO[0m Building CMake package in '/home/unitree/unitree_converse/src/bob_llm'
[0.775s] [34mcolcon.colcon_core.plugin_system[0m [1;30mINFO[0m Skipping extension 'colcon_core.shell.bat': Not used on non-Windows systems
[0.775s] [34mcolcon.colcon_core.shell[0m [1;30mINFO[0m Skip shell extension 'powershell' for command environment: Not usable outside of PowerShell
[0.775s] [34mcolcon.colcon_core.shell[0m [1;30mDEBUG[0m [32mSkip shell extension 'dsv' for command environment[0m
[0.794s] [34mcolcon.colcon_core.event_handler.log_command[0m [1;30mDEBUG[0m [32mInvoking command in '/home/unitree/unitree_converse/build/bob_llm': CMAKE_PREFIX_PATH=${CMAKE_PREFIX_PATH}:/opt/ros/foxy /usr/bin/cmake --build /home/unitree/unitree_converse/build/bob_llm -- -j8 -l8[0m
[0.879s] [34mcolcon.colcon_core.event_handler.log_command[0m [1;30mDEBUG[0m [32mInvoked command in '/home/unitree/unitree_converse/build/bob_llm' returned '0': CMAKE_PREFIX_PATH=${CMAKE_PREFIX_PATH}:/opt/ros/foxy /usr/bin/cmake --build /home/unitree/unitree_converse/build/bob_llm -- -j8 -l8[0m
[0.957s] [34mcolcon.colcon_core.event_handler.log_command[0m [1;30mDEBUG[0m [32mInvoking command in '/home/unitree/unitree_converse/build/bob_llm': CMAKE_PREFIX_PATH=${CMAKE_PREFIX_PATH}:/opt/ros/foxy /usr/bin/cmake --install /home/unitree/unitree_converse/build/bob_llm[0m
[1.073s] [34mcolcon.colcon_core.environment[0m [1;30mLevel 1[0m create_environment_scripts_only(bob_llm)
[1.075s] [34mcolcon.colcon_core.event_handler.log_command[0m [1;30mDEBUG[0m [32mInvoked command in '/home/unitree/unitree_converse/build/bob_llm' returned '0': CMAKE_PREFIX_PATH=${CMAKE_PREFIX_PATH}:/opt/ros/foxy /usr/bin/cmake --install /home/unitree/unitree_converse/build/bob_llm[0m
[1.083s] [34mcolcon.colcon_core.environment[0m [1;30mLevel 1[0m checking '/home/unitree/unitree_converse/install/bob_llm' for CMake module files
[1.085s] [34mcolcon.colcon_core.environment[0m [1;30mLevel 1[0m checking '/home/unitree/unitree_converse/install/bob_llm' for CMake config files
[1.086s] [34mcolcon.colcon_core.shell[0m [1;30mLevel 1[0m create_environment_hook('bob_llm', 'cmake_prefix_path')
[1.087s] [34mcolcon.colcon_core.shell[0m [1;30mINFO[0m Creating environment hook '/home/unitree/unitree_converse/install/bob_llm/share/bob_llm/hook/cmake_prefix_path.ps1'
[1.089s] [34mcolcon.colcon_core.shell[0m [1;30mINFO[0m Creating environment descriptor '/home/unitree/unitree_converse/install/bob_llm/share/bob_llm/hook/cmake_prefix_path.dsv'
[1.090s] [34mcolcon.colcon_core.shell[0m [1;30mINFO[0m Creating environment hook '/home/unitree/unitree_converse/install/bob_llm/share/bob_llm/hook/cmake_prefix_path.sh'
[1.093s] [34mcolcon.colcon_core.environment[0m [1;30mLevel 1[0m checking '/home/unitree/unitree_converse/install/bob_llm/lib'
[1.094s] [34mcolcon.colcon_core.environment[0m [1;30mLevel 1[0m checking '/home/unitree/unitree_converse/install/bob_llm/bin'
[1.094s] [34mcolcon.colcon_core.environment[0m [1;30mLevel 1[0m checking '/home/unitree/unitree_converse/install/bob_llm/lib/pkgconfig/bob_llm.pc'
[1.095s] [34mcolcon.colcon_core.environment[0m [1;30mLevel 1[0m checking '/home/unitree/unitree_converse/install/bob_llm/lib/python3.8/site-packages'
[1.095s] [34mcolcon.colcon_core.shell[0m [1;30mLevel 1[0m create_environment_hook('bob_llm', 'pythonpath')
[1.095s] [34mcolcon.colcon_core.shell[0m [1;30mINFO[0m Creating environment hook '/home/unitree/unitree_converse/install/bob_llm/share/bob_llm/hook/pythonpath.ps1'
[1.097s] [34mcolcon.colcon_core.shell[0m [1;30mINFO[0m Creating environment descriptor '/home/unitree/unitree_converse/install/bob_llm/share/bob_llm/hook/pythonpath.dsv'
[1.098s] [34mcolcon.colcon_core.shell[0m [1;30mINFO[0m Creating environment hook '/home/unitree/unitree_converse/install/bob_llm/share/bob_llm/hook/pythonpath.sh'
[1.099s] [34mcolcon.colcon_core.environment[0m [1;30mLevel 1[0m checking '/home/unitree/unitree_converse/install/bob_llm/bin'
[1.100s] [34mcolcon.colcon_core.shell[0m [1;30mINFO[0m Creating package script '/home/unitree/unitree_converse/install/bob_llm/share/bob_llm/package.ps1'
[1.102s] [34mcolcon.colcon_core.shell[0m [1;30mINFO[0m Creating package descriptor '/home/unitree/unitree_converse/install/bob_llm/share/bob_llm/package.dsv'
[1.103s] [34mcolcon.colcon_core.shell[0m [1;30mINFO[0m Creating package script '/home/unitree/unitree_converse/install/bob_llm/share/bob_llm/package.sh'
[1.105s] [34mcolcon.colcon_core.shell[0m [1;30mINFO[0m Creating package script '/home/unitree/unitree_converse/install/bob_llm/share/bob_llm/package.bash'
[1.107s] [34mcolcon.colcon_core.shell[0m [1;30mINFO[0m Creating package script '/home/unitree/unitree_converse/install/bob_llm/share/bob_llm/package.zsh'
[1.108s] [34mcolcon.colcon_core.environment[0m [1;30mLevel 1[0m create_file_with_runtime_dependencies(/home/unitree/unitree_converse/install/bob_llm/share/colcon-core/packages/bob_llm)
[1.151s] [34mcolcon.colcon_core.environment[0m [1;30mLevel 1[0m create_environment_scripts_only(bob_llm)
[1.152s] [34mcolcon.colcon_core.environment[0m [1;30mLevel 1[0m checking '/home/unitree/unitree_converse/install/bob_llm' for CMake module files
[1.153s] [34mcolcon.colcon_core.environment[0m [1;30mLevel 1[0m checking '/home/unitree/unitree_converse/install/bob_llm' for CMake config files
[1.154s] [34mcolcon.colcon_core.shell[0m [1;30mLevel 1[0m create_environment_hook('bob_llm', 'cmake_prefix_path')
[1.154s] [34mcolcon.colcon_core.shell[0m [1;30mINFO[0m Creating environment hook '/home/unitree/unitree_converse/install/bob_llm/share/bob_llm/hook/cmake_prefix_path.ps1'
[1.156s] [34mcolcon.colcon_core.shell[0m [1;30mINFO[0m Creating environment descriptor '/home/unitree/unitree_converse/install/bob_llm/share/bob_llm/hook/cmake_prefix_path.dsv'
[1.157s] [34mcolcon.colcon_core.shell[0m [1;30mINFO[0m Creating environment hook '/home/unitree/unitree_converse/install/bob_llm/share/bob_llm/hook/cmake_prefix_path.sh'
[1.159s] [34mcolcon.colcon_core.environment[0m [1;30mLevel 1[0m checking '/home/unitree/unitree_converse/install/bob_llm/lib'
[1.159s] [34mcolcon.colcon_core.environment[0m [1;30mLevel 1[0m checking '/home/unitree/unitree_converse/install/bob_llm/bin'
[1.160s] [34mcolcon.colcon_core.environment[0m [1;30mLevel 1[0m checking '/home/unitree/unitree_converse/install/bob_llm/lib/pkgconfig/bob_llm.pc'
[1.160s] [34mcolcon.colcon_core.environment[0m [1;30mLevel 1[0m checking '/home/unitree/unitree_converse/install/bob_llm/lib/python3.8/site-packages'
[1.160s] [34mcolcon.colcon_core.shell[0m [1;30mLevel 1[0m create_environment_hook('bob_llm', 'pythonpath')
[1.161s] [34mcolcon.colcon_core.shell[0m [1;30mINFO[0m Creating environment hook '/home/unitree/unitree_converse/install/bob_llm/share/bob_llm/hook/pythonpath.ps1'
[1.162s] [34mcolcon.colcon_core.shell[0m [1;30mINFO[0m Creating environment descriptor '/home/unitree/unitree_converse/install/bob_llm/share/bob_llm/hook/pythonpath.dsv'
[1.163s] [34mcolcon.colcon_core.shell[0m [1;30mINFO[0m Creating environment hook '/home/unitree/unitree_converse/install/bob_llm/share/bob_llm/hook/pythonpath.sh'
[1.164s] [34mcolcon.colcon_core.environment[0m [1;30mLevel 1[0m checking '/home/unitree/unitree_converse/install/bob_llm/bin'
[1.166s] [34mcolcon.colcon_core.shell[0m [1;30mINFO[0m Creating package script '/home/unitree/unitree_converse/install/bob_llm/share/bob_llm/package.ps1'
[1.167s] [34mcolcon.colcon_core.shell[0m [1;30mINFO[0m Creating package descriptor '/home/unitree/unitree_converse/install/bob_llm/share/bob_llm/package.dsv'
[1.168s] [34mcolcon.colcon_core.shell[0m [1;30mINFO[0m Creating package script '/home/unitree/unitree_converse/install/bob_llm/share/bob_llm/package.sh'
[1.170s] [34mcolcon.colcon_core.shell[0m [1;30mINFO[0m Creating package script '/home/unitree/unitree_converse/install/bob_llm/share/bob_llm/package.bash'
[1.170s] [34mcolcon.colcon_core.shell[0m [1;30mINFO[0m Creating package script '/home/unitree/unitree_converse/install/bob_llm/share/bob_llm/package.zsh'
[1.171s] [34mcolcon.colcon_core.environment[0m [1;30mLevel 1[0m create_file_with_runtime_dependencies(/home/unitree/unitree_converse/install/bob_llm/share/colcon-core/packages/bob_llm)
[1.172s] [34mcolcon.colcon_ros.task.ament_python.build[0m [1;30mINFO[0m Building ROS package in '/home/unitree/unitree_converse/src/g1_voice' with build type 'ament_python'
[1.173s] [34mcolcon.colcon_core.shell[0m [1;30mLevel 1[0m create_environment_hook('g1_voice', 'ament_prefix_path')
[1.174s] [34mcolcon.colcon_core.shell[0m [1;30mINFO[0m Creating environment hook '/home/unitree/unitree_converse/install/g1_voice/share/g1_voice/hook/ament_prefix_path.ps1'
[1.175s] [34mcolcon.colcon_core.shell[0m [1;30mINFO[0m Creating environment descriptor '/home/unitree/unitree_converse/install/g1_voice/share/g1_voice/hook/ament_prefix_path.dsv'
[1.176s] [34mcolcon.colcon_core.shell[0m [1;30mINFO[0m Creating environment hook '/home/unitree/unitree_converse/install/g1_voice/share/g1_voice/hook/ament_prefix_path.sh'
[1.177s] [34mcolcon.colcon_core.shell[0m [1;30mINFO[0m Skip shell extension 'powershell' for command environment: Not usable outside of PowerShell
[1.177s] [34mcolcon.colcon_core.shell[0m [1;30mDEBUG[0m [32mSkip shell extension 'dsv' for command environment[0m
[1.639s] [34mcolcon.colcon_core.task.python.build[0m [1;30mINFO[0m Building Python package in '/home/unitree/unitree_converse/src/g1_voice'
[1.640s] [34mcolcon.colcon_core.shell[0m [1;30mINFO[0m Skip shell extension 'powershell' for command environment: Not usable outside of PowerShell
[1.640s] [34mcolcon.colcon_core.shell[0m [1;30mDEBUG[0m [32mSkip shell extension 'dsv' for command environment[0m
[2.382s] [34mcolcon.colcon_core.event_handler.log_command[0m [1;30mDEBUG[0m [32mInvoking command in '/home/unitree/unitree_converse/build/g1_voice': AMENT_PREFIX_PATH=/home/unitree/unitree_converse/install/bob_llm:${AMENT_PREFIX_PATH} CMAKE_PREFIX_PATH=/home/unitree/unitree_converse/install/bob_llm:${CMAKE_PREFIX_PATH} PYTHONPATH=/home/unitree/unitree_converse/build/g1_voice/prefix_override:/usr/lib/python3/dist-packages/colcon_core/task/python/colcon_distutils_commands:/home/unitree/unitree_converse/install/g1_voice/lib/python3.8/site-packages:/home/unitree/unitree_converse/install/bob_llm/lib/python3.8/site-packages:${PYTHONPATH} /usr/bin/python3 -W ignore:setup.py install is deprecated setup.py develop --editable --build-directory /home/unitree/unitree_converse/build/g1_voice/build --no-deps symlink_data[0m
[3.163s] [34mcolcon.colcon_core.shell[0m [1;30mLevel 1[0m create_environment_hook('g1_voice', 'pythonpath_develop')
[3.164s] [34mcolcon.colcon_core.shell[0m [1;30mINFO[0m Creating environment hook '/home/unitree/unitree_converse/build/g1_voice/share/g1_voice/hook/pythonpath_develop.ps1'
[3.166s] [34mcolcon.colcon_core.event_handler.log_command[0m [1;30mDEBUG[0m [32mInvoked command in '/home/unitree/unitree_converse/build/g1_voice' returned '0': AMENT_PREFIX_PATH=/home/unitree/unitree_converse/install/bob_llm:${AMENT_PREFIX_PATH} CMAKE_PREFIX_PATH=/home/unitree/unitree_converse/install/bob_llm:${CMAKE_PREFIX_PATH} PYTHONPATH=/home/unitree/unitree_converse/build/g1_voice/prefix_override:/usr/lib/python3/dist-packages/colcon_core/task/python/colcon_distutils_commands:/home/unitree/unitree_converse/install/g1_voice/lib/python3.8/site-packages:/home/unitree/unitree_converse/install/bob_llm/lib/python3.8/site-packages:${PYTHONPATH} /usr/bin/python3 -W ignore:setup.py install is deprecated setup.py develop --editable --build-directory /home/unitree/unitree_converse/build/g1_voice/build --no-deps symlink_data[0m
[3.168s] [34mcolcon.colcon_core.shell[0m [1;30mINFO[0m Creating environment descriptor '/home/unitree/unitree_converse/build/g1_voice/share/g1_voice/hook/pythonpath_develop.dsv'
[3.169s] [34mcolcon.colcon_core.shell[0m [1;30mINFO[0m Creating environment hook '/home/unitree/unitree_converse/build/g1_voice/share/g1_voice/hook/pythonpath_develop.sh'
[3.171s] [34mcolcon.colcon_core.environment[0m [1;30mLevel 1[0m checking '/home/unitree/unitree_converse/install/g1_voice' for CMake module files
[3.173s] [34mcolcon.colcon_core.environment[0m [1;30mLevel 1[0m checking '/home/unitree/unitree_converse/install/g1_voice' for CMake config files
[3.175s] [34mcolcon.colcon_core.environment[0m [1;30mLevel 1[0m checking '/home/unitree/unitree_converse/install/g1_voice/lib'
[3.176s] [34mcolcon.colcon_core.environment[0m [1;30mLevel 1[0m checking '/home/unitree/unitree_converse/install/g1_voice/bin'
[3.176s] [34mcolcon.colcon_core.environment[0m [1;30mLevel 1[0m checking '/home/unitree/unitree_converse/install/g1_voice/lib/pkgconfig/g1_voice.pc'
[3.177s] [34mcolcon.colcon_core.environment[0m [1;30mLevel 1[0m checking '/home/unitree/unitree_converse/install/g1_voice/lib/python3.8/site-packages'
[3.177s] [34mcolcon.colcon_core.shell[0m [1;30mLevel 1[0m create_environment_hook('g1_voice', 'pythonpath')
[3.178s] [34mcolcon.colcon_core.shell[0m [1;30mINFO[0m Creating environment hook '/home/unitree/unitree_converse/install/g1_voice/share/g1_voice/hook/pythonpath.ps1'
[3.179s] [34mcolcon.colcon_core.shell[0m [1;30mINFO[0m Creating environment descriptor '/home/unitree/unitree_converse/install/g1_voice/share/g1_voice/hook/pythonpath.dsv'
[3.180s] [34mcolcon.colcon_core.shell[0m [1;30mINFO[0m Creating environment hook '/home/unitree/unitree_converse/install/g1_voice/share/g1_voice/hook/pythonpath.sh'
[3.182s] [34mcolcon.colcon_core.environment[0m [1;30mLevel 1[0m checking '/home/unitree/unitree_converse/install/g1_voice/bin'
[3.182s] [34mcolcon.colcon_core.environment[0m [1;30mLevel 1[0m create_environment_scripts_only(g1_voice)
[3.184s] [34mcolcon.colcon_core.shell[0m [1;30mINFO[0m Creating package script '/home/unitree/unitree_converse/install/g1_voice/share/g1_voice/package.ps1'
[3.186s] [34mcolcon.colcon_core.shell[0m [1;30mINFO[0m Creating package descriptor '/home/unitree/unitree_converse/install/g1_voice/share/g1_voice/package.dsv'
[3.188s] [34mcolcon.colcon_core.shell[0m [1;30mINFO[0m Creating package script '/home/unitree/unitree_converse/install/g1_voice/share/g1_voice/package.sh'
[3.190s] [34mcolcon.colcon_core.shell[0m [1;30mINFO[0m Creating package script '/home/unitree/unitree_converse/install/g1_voice/share/g1_voice/package.bash'
[3.191s] [34mcolcon.colcon_core.shell[0m [1;30mINFO[0m Creating package script '/home/unitree/unitree_converse/install/g1_voice/share/g1_voice/package.zsh'
[3.192s] [34mcolcon.colcon_core.environment[0m [1;30mLevel 1[0m create_file_with_runtime_dependencies(/home/unitree/unitree_converse/install/g1_voice/share/colcon-core/packages/g1_voice)
[3.193s] [34mcolcon.colcon_parallel_executor.executor.parallel[0m [1;30mDEBUG[0m [32mclosing loop[0m
[3.194s] [34mcolcon.colcon_parallel_executor.executor.parallel[0m [1;30mDEBUG[0m [32mloop closed[0m
[3.195s] [34mcolcon.colcon_parallel_executor.executor.parallel[0m [1;30mDEBUG[0m [32mrun_until_complete finished with '0'[0m
[3.195s] [34mcolcon.colcon_core.event_reactor[0m [1;30mDEBUG[0m [32mjoining thread[0m
[3.214s] [34mcolcon.colcon_core.plugin_system[0m [1;30mINFO[0m Skipping extension 'colcon_notification.desktop_notification.terminal_notifier': Not used on non-Darwin systems
[3.215s] [34mcolcon.colcon_core.plugin_system[0m [1;30mINFO[0m Skipping extension 'colcon_notification.desktop_notification.win32': Not used on non-Windows systems
[3.215s] [34mcolcon.colcon_notification.desktop_notification[0m [1;30mINFO[0m Sending desktop notification using 'notify2'
[3.236s] [34mcolcon.colcon_notification.desktop_notification.notify2[0m [1;30mDEBUG[0m [32mFailed to initialize notify2: org.freedesktop.DBus.Error.Spawn.ChildExited: Process org.freedesktop.Notifications exited with status 1[0m
[3.237s] [34mcolcon.colcon_core.event_reactor[0m [1;30mDEBUG[0m [32mjoined thread[0m
[3.238s] [34mcolcon.colcon_core.shell[0m [1;30mINFO[0m Creating prefix script '/home/unitree/unitree_converse/install/local_setup.ps1'
[3.242s] [34mcolcon.colcon_core.shell[0m [1;30mINFO[0m Creating prefix util module '/home/unitree/unitree_converse/install/_local_setup_util_ps1.py'
[3.246s] [34mcolcon.colcon_core.shell[0m [1;30mINFO[0m Creating prefix chain script '/home/unitree/unitree_converse/install/setup.ps1'
[3.250s] [34mcolcon.colcon_core.shell[0m [1;30mINFO[0m Creating prefix script '/home/unitree/unitree_converse/install/local_setup.sh'
[3.252s] [34mcolcon.colcon_core.shell[0m [1;30mINFO[0m Creating prefix util module '/home/unitree/unitree_converse/install/_local_setup_util_sh.py'
[3.254s] [34mcolcon.colcon_core.shell[0m [1;30mINFO[0m Creating prefix chain script '/home/unitree/unitree_converse/install/setup.sh'
[3.258s] [34mcolcon.colcon_core.shell[0m [1;30mINFO[0m Creating prefix script '/home/unitree/unitree_converse/install/local_setup.bash'
[3.260s] [34mcolcon.colcon_core.shell[0m [1;30mINFO[0m Creating prefix chain script '/home/unitree/unitree_converse/install/setup.bash'
[3.263s] [34mcolcon.colcon_core.shell[0m [1;30mINFO[0m Creating prefix script '/home/unitree/unitree_converse/install/local_setup.zsh'
[3.264s] [34mcolcon.colcon_core.shell[0m [1;30mINFO[0m Creating prefix chain script '/home/unitree/unitree_converse/install/setup.zsh'
