[0.339s] [34mcolcon[0m [1;30mDEBUG[0m [32mCommand line arguments: ['/usr/bin/colcon', 'build', '--symlink-install'][0m
[0.339s] [34mcolcon[0m [1;30mDEBUG[0m [32mParsed command line arguments: Namespace(allow_overriding=[], ament_cmake_args=None, base_paths=['.'], build_base='build', catkin_cmake_args=None, catkin_skip_building_tests=False, cmake_args=None, cmake_clean_cache=False, cmake_clean_first=False, cmake_force_configure=False, cmake_target=None, cmake_target_skip_unavailable=False, continue_on_error=False, event_handlers=None, executor='parallel', ignore_user_meta=False, install_base='install', log_base=None, log_level=None, main=<bound method BuildVerb.main of <colcon_core.verb.build.BuildVerb object at 0xffff851e5eb0>>, merge_install=False, metas=['./colcon.meta'], packages_above=None, packages_above_and_dependencies=None, packages_above_depth=None, packages_end=None, packages_ignore=None, packages_ignore_regex=None, packages_select=None, packages_select_build_failed=False, packages_select_by_dep=None, packages_select_regex=None, packages_select_test_failures=False, packages_skip=None, packages_skip_build_finished=False, packages_skip_by_dep=None, packages_skip_regex=None, packages_skip_test_passed=False, packages_skip_up_to=None, packages_start=None, packages_up_to=None, packages_up_to_regex=None, parallel_workers=8, paths=None, symlink_install=True, test_result_base=None, verb_extension=<colcon_core.verb.build.BuildVerb object at 0xffff851e5eb0>, verb_name='build', verb_parser=<colcon_defaults.argument_parser.defaults.DefaultArgumentsDecorator object at 0xffff850fe940>)[0m
[0.569s] [34mcolcon.colcon_core.package_discovery[0m [1;30mLevel 1[0m discover_packages(colcon_meta) check parameters
[0.569s] [34mcolcon.colcon_core.package_discovery[0m [1;30mLevel 1[0m discover_packages(recursive) check parameters
[0.569s] [34mcolcon.colcon_core.package_discovery[0m [1;30mLevel 1[0m discover_packages(ignore) check parameters
[0.569s] [34mcolcon.colcon_core.package_discovery[0m [1;30mLevel 1[0m discover_packages(path) check parameters
[0.569s] [34mcolcon.colcon_core.package_discovery[0m [1;30mLevel 1[0m discover_packages(colcon_meta) discover
[0.569s] [34mcolcon.colcon_core.package_discovery[0m [1;30mLevel 1[0m discover_packages(recursive) discover
[0.570s] [34mcolcon.colcon_core.package_discovery[0m [1;30mINFO[0m Crawling recursively for packages in '/home/unitree/unitree_converse'
[0.570s] [34mcolcon.colcon_core.package_identification[0m [1;30mLevel 1[0m _identify(.) by extensions ['ignore', 'ignore_ament_install']
[0.570s] [34mcolcon.colcon_core.package_identification[0m [1;30mLevel 1[0m _identify(.) by extension 'ignore'
[0.570s] [34mcolcon.colcon_core.package_identification[0m [1;30mLevel 1[0m _identify(.) by extension 'ignore_ament_install'
[0.570s] [34mcolcon.colcon_core.package_identification[0m [1;30mLevel 1[0m _identify(.) by extensions ['colcon_pkg']
[0.570s] [34mcolcon.colcon_core.package_identification[0m [1;30mLevel 1[0m _identify(.) by extension 'colcon_pkg'
[0.570s] [34mcolcon.colcon_core.package_identification[0m [1;30mLevel 1[0m _identify(.) by extensions ['colcon_meta']
[0.570s] [34mcolcon.colcon_core.package_identification[0m [1;30mLevel 1[0m _identify(.) by extension 'colcon_meta'
[0.570s] [34mcolcon.colcon_core.package_identification[0m [1;30mLevel 1[0m _identify(.) by extensions ['ros']
[0.570s] [34mcolcon.colcon_core.package_identification[0m [1;30mLevel 1[0m _identify(.) by extension 'ros'
[0.588s] [34mcolcon.colcon_core.package_identification[0m [1;30mLevel 1[0m _identify(.) by extensions ['cmake', 'python']
[0.588s] [34mcolcon.colcon_core.package_identification[0m [1;30mLevel 1[0m _identify(.) by extension 'cmake'
[0.588s] [34mcolcon.colcon_core.package_identification[0m [1;30mLevel 1[0m _identify(.) by extension 'python'
[0.588s] [34mcolcon.colcon_core.package_identification[0m [1;30mLevel 1[0m _identify(.) by extensions ['python_setup_py']
[0.588s] [34mcolcon.colcon_core.package_identification[0m [1;30mLevel 1[0m _identify(.) by extension 'python_setup_py'
[0.589s] [34mcolcon.colcon_core.package_identification[0m [1;30mLevel 1[0m _identify(build) by extensions ['ignore', 'ignore_ament_install']
[0.589s] [34mcolcon.colcon_core.package_identification[0m [1;30mLevel 1[0m _identify(build) by extension 'ignore'
[0.589s] [34mcolcon.colcon_core.package_identification[0m [1;30mLevel 1[0m _identify(build) ignored
[0.589s] [34mcolcon.colcon_core.package_identification[0m [1;30mLevel 1[0m _identify(install) by extensions ['ignore', 'ignore_ament_install']
[0.589s] [34mcolcon.colcon_core.package_identification[0m [1;30mLevel 1[0m _identify(install) by extension 'ignore'
[0.589s] [34mcolcon.colcon_core.package_identification[0m [1;30mLevel 1[0m _identify(install) ignored
[0.589s] [34mcolcon.colcon_core.package_identification[0m [1;30mLevel 1[0m _identify(log) by extensions ['ignore', 'ignore_ament_install']
[0.590s] [34mcolcon.colcon_core.package_identification[0m [1;30mLevel 1[0m _identify(log) by extension 'ignore'
[0.590s] [34mcolcon.colcon_core.package_identification[0m [1;30mLevel 1[0m _identify(log) ignored
[0.590s] [34mcolcon.colcon_core.package_identification[0m [1;30mLevel 1[0m _identify(src) by extensions ['ignore', 'ignore_ament_install']
[0.590s] [34mcolcon.colcon_core.package_identification[0m [1;30mLevel 1[0m _identify(src) by extension 'ignore'
[0.590s] [34mcolcon.colcon_core.package_identification[0m [1;30mLevel 1[0m _identify(src) by extension 'ignore_ament_install'
[0.590s] [34mcolcon.colcon_core.package_identification[0m [1;30mLevel 1[0m _identify(src) by extensions ['colcon_pkg']
[0.590s] [34mcolcon.colcon_core.package_identification[0m [1;30mLevel 1[0m _identify(src) by extension 'colcon_pkg'
[0.590s] [34mcolcon.colcon_core.package_identification[0m [1;30mLevel 1[0m _identify(src) by extensions ['colcon_meta']
[0.590s] [34mcolcon.colcon_core.package_identification[0m [1;30mLevel 1[0m _identify(src) by extension 'colcon_meta'
[0.590s] [34mcolcon.colcon_core.package_identification[0m [1;30mLevel 1[0m _identify(src) by extensions ['ros']
[0.590s] [34mcolcon.colcon_core.package_identification[0m [1;30mLevel 1[0m _identify(src) by extension 'ros'
[0.591s] [34mcolcon.colcon_core.package_identification[0m [1;30mLevel 1[0m _identify(src) by extensions ['cmake', 'python']
[0.591s] [34mcolcon.colcon_core.package_identification[0m [1;30mLevel 1[0m _identify(src) by extension 'cmake'
[0.591s] [34mcolcon.colcon_core.package_identification[0m [1;30mLevel 1[0m _identify(src) by extension 'python'
[0.591s] [34mcolcon.colcon_core.package_identification[0m [1;30mLevel 1[0m _identify(src) by extensions ['python_setup_py']
[0.591s] [34mcolcon.colcon_core.package_identification[0m [1;30mLevel 1[0m _identify(src) by extension 'python_setup_py'
[0.591s] [34mcolcon.colcon_core.package_identification[0m [1;30mLevel 1[0m _identify(src/bob_llm) by extensions ['ignore', 'ignore_ament_install']
[0.591s] [34mcolcon.colcon_core.package_identification[0m [1;30mLevel 1[0m _identify(src/bob_llm) by extension 'ignore'
[0.591s] [34mcolcon.colcon_core.package_identification[0m [1;30mLevel 1[0m _identify(src/bob_llm) by extension 'ignore_ament_install'
[0.591s] [34mcolcon.colcon_core.package_identification[0m [1;30mLevel 1[0m _identify(src/bob_llm) by extensions ['colcon_pkg']
[0.591s] [34mcolcon.colcon_core.package_identification[0m [1;30mLevel 1[0m _identify(src/bob_llm) by extension 'colcon_pkg'
[0.591s] [34mcolcon.colcon_core.package_identification[0m [1;30mLevel 1[0m _identify(src/bob_llm) by extensions ['colcon_meta']
[0.592s] [34mcolcon.colcon_core.package_identification[0m [1;30mLevel 1[0m _identify(src/bob_llm) by extension 'colcon_meta'
[0.592s] [34mcolcon.colcon_core.package_identification[0m [1;30mLevel 1[0m _identify(src/bob_llm) by extensions ['ros']
[0.592s] [34mcolcon.colcon_core.package_identification[0m [1;30mLevel 1[0m _identify(src/bob_llm) by extension 'ros'
[0.596s] [34mcolcon.colcon_core.package_identification[0m [1;30mDEBUG[0m [32mPackage 'src/bob_llm' with type 'ros.ament_cmake' and name 'bob_llm'[0m
[0.596s] [34mcolcon.colcon_core.package_identification[0m [1;30mLevel 1[0m _identify(src/g1_voice) by extensions ['ignore', 'ignore_ament_install']
[0.597s] [34mcolcon.colcon_core.package_identification[0m [1;30mLevel 1[0m _identify(src/g1_voice) by extension 'ignore'
[0.597s] [34mcolcon.colcon_core.package_identification[0m [1;30mLevel 1[0m _identify(src/g1_voice) by extension 'ignore_ament_install'
[0.597s] [34mcolcon.colcon_core.package_identification[0m [1;30mLevel 1[0m _identify(src/g1_voice) by extensions ['colcon_pkg']
[0.597s] [34mcolcon.colcon_core.package_identification[0m [1;30mLevel 1[0m _identify(src/g1_voice) by extension 'colcon_pkg'
[0.597s] [34mcolcon.colcon_core.package_identification[0m [1;30mLevel 1[0m _identify(src/g1_voice) by extensions ['colcon_meta']
[0.597s] [34mcolcon.colcon_core.package_identification[0m [1;30mLevel 1[0m _identify(src/g1_voice) by extension 'colcon_meta'
[0.597s] [34mcolcon.colcon_core.package_identification[0m [1;30mLevel 1[0m _identify(src/g1_voice) by extensions ['ros']
[0.597s] [34mcolcon.colcon_core.package_identification[0m [1;30mLevel 1[0m _identify(src/g1_voice) by extension 'ros'
[0.598s] [34mcolcon.colcon_core.package_identification[0m [1;30mDEBUG[0m [32mPackage 'src/g1_voice' with type 'ros.ament_python' and name 'g1_voice'[0m
[0.599s] [34mcolcon.colcon_core.package_discovery[0m [1;30mLevel 1[0m discover_packages(recursive) using defaults
[0.599s] [34mcolcon.colcon_core.package_discovery[0m [1;30mLevel 1[0m discover_packages(ignore) discover
[0.599s] [34mcolcon.colcon_core.package_discovery[0m [1;30mLevel 1[0m discover_packages(ignore) using defaults
[0.599s] [34mcolcon.colcon_core.package_discovery[0m [1;30mLevel 1[0m discover_packages(path) discover
[0.599s] [34mcolcon.colcon_core.package_discovery[0m [1;30mLevel 1[0m discover_packages(path) using defaults
[0.625s] [34mcolcon.colcon_core.package_discovery[0m [1;30mLevel 1[0m discover_packages(prefix_path) check parameters
[0.625s] [34mcolcon.colcon_core.package_discovery[0m [1;30mLevel 1[0m discover_packages(prefix_path) discover
[0.627s] [34mcolcon.colcon_ros.prefix_path.ament[0m [1;30mWARNING[0m [33mThe path '/home/unitree/unitree_converse/install/g1_voice' in the environment variable AMENT_PREFIX_PATH doesn't exist[0m
[0.628s] [34mcolcon.colcon_installed_package_information.package_discovery[0m [1;30mDEBUG[0m [32mFound 1 installed packages in /home/unitree/unitree_converse/install[0m
[0.629s] [34mcolcon.colcon_installed_package_information.package_discovery[0m [1;30mDEBUG[0m [32mFound 2 installed packages in /home/unitree/cyclonedds_ws/install[0m
[0.631s] [34mcolcon.colcon_installed_package_information.package_discovery[0m [1;30mDEBUG[0m [32mFound 291 installed packages in /opt/ros/foxy[0m
[0.633s] [34mcolcon.colcon_core.package_discovery[0m [1;30mLevel 1[0m discover_packages(prefix_path) using defaults
[0.757s] [34mcolcon.colcon_core.verb[0m [1;30mLevel 5[0m set package 'bob_llm' build argument 'cmake_args' from command line to 'None'
[0.757s] [34mcolcon.colcon_core.verb[0m [1;30mLevel 5[0m set package 'bob_llm' build argument 'cmake_target' from command line to 'None'
[0.757s] [34mcolcon.colcon_core.verb[0m [1;30mLevel 5[0m set package 'bob_llm' build argument 'cmake_target_skip_unavailable' from command line to 'False'
[0.757s] [34mcolcon.colcon_core.verb[0m [1;30mLevel 5[0m set package 'bob_llm' build argument 'cmake_clean_cache' from command line to 'False'
[0.757s] [34mcolcon.colcon_core.verb[0m [1;30mLevel 5[0m set package 'bob_llm' build argument 'cmake_clean_first' from command line to 'False'
[0.757s] [34mcolcon.colcon_core.verb[0m [1;30mLevel 5[0m set package 'bob_llm' build argument 'cmake_force_configure' from command line to 'False'
[0.758s] [34mcolcon.colcon_core.verb[0m [1;30mLevel 5[0m set package 'bob_llm' build argument 'ament_cmake_args' from command line to 'None'
[0.758s] [34mcolcon.colcon_core.verb[0m [1;30mLevel 5[0m set package 'bob_llm' build argument 'catkin_cmake_args' from command line to 'None'
[0.758s] [34mcolcon.colcon_core.verb[0m [1;30mLevel 5[0m set package 'bob_llm' build argument 'catkin_skip_building_tests' from command line to 'False'
[0.758s] [34mcolcon.colcon_core.verb[0m [1;30mDEBUG[0m [32mBuilding package 'bob_llm' with the following arguments: {'ament_cmake_args': None, 'build_base': '/home/unitree/unitree_converse/build/bob_llm', 'catkin_cmake_args': None, 'catkin_skip_building_tests': False, 'cmake_args': None, 'cmake_clean_cache': False, 'cmake_clean_first': False, 'cmake_force_configure': False, 'cmake_target': None, 'cmake_target_skip_unavailable': False, 'install_base': '/home/unitree/unitree_converse/install/bob_llm', 'merge_install': False, 'path': '/home/unitree/unitree_converse/src/bob_llm', 'symlink_install': True, 'test_result_base': None}[0m
[0.758s] [34mcolcon.colcon_core.verb[0m [1;30mLevel 5[0m set package 'g1_voice' build argument 'cmake_args' from command line to 'None'
[0.758s] [34mcolcon.colcon_core.verb[0m [1;30mLevel 5[0m set package 'g1_voice' build argument 'cmake_target' from command line to 'None'
[0.758s] [34mcolcon.colcon_core.verb[0m [1;30mLevel 5[0m set package 'g1_voice' build argument 'cmake_target_skip_unavailable' from command line to 'False'
[0.758s] [34mcolcon.colcon_core.verb[0m [1;30mLevel 5[0m set package 'g1_voice' build argument 'cmake_clean_cache' from command line to 'False'
[0.758s] [34mcolcon.colcon_core.verb[0m [1;30mLevel 5[0m set package 'g1_voice' build argument 'cmake_clean_first' from command line to 'False'
[0.759s] [34mcolcon.colcon_core.verb[0m [1;30mLevel 5[0m set package 'g1_voice' build argument 'cmake_force_configure' from command line to 'False'
[0.759s] [34mcolcon.colcon_core.verb[0m [1;30mLevel 5[0m set package 'g1_voice' build argument 'ament_cmake_args' from command line to 'None'
[0.759s] [34mcolcon.colcon_core.verb[0m [1;30mLevel 5[0m set package 'g1_voice' build argument 'catkin_cmake_args' from command line to 'None'
[0.759s] [34mcolcon.colcon_core.verb[0m [1;30mLevel 5[0m set package 'g1_voice' build argument 'catkin_skip_building_tests' from command line to 'False'
[0.759s] [34mcolcon.colcon_core.verb[0m [1;30mDEBUG[0m [32mBuilding package 'g1_voice' with the following arguments: {'ament_cmake_args': None, 'build_base': '/home/unitree/unitree_converse/build/g1_voice', 'catkin_cmake_args': None, 'catkin_skip_building_tests': False, 'cmake_args': None, 'cmake_clean_cache': False, 'cmake_clean_first': False, 'cmake_force_configure': False, 'cmake_target': None, 'cmake_target_skip_unavailable': False, 'install_base': '/home/unitree/unitree_converse/install/g1_voice', 'merge_install': False, 'path': '/home/unitree/unitree_converse/src/g1_voice', 'symlink_install': True, 'test_result_base': None}[0m
[0.759s] [34mcolcon.colcon_core.executor[0m [1;30mINFO[0m Executing jobs using 'parallel' executor
[0.761s] [34mcolcon.colcon_parallel_executor.executor.parallel[0m [1;30mDEBUG[0m [32mrun_until_complete[0m
[0.762s] [34mcolcon.colcon_ros.task.ament_cmake.build[0m [1;30mINFO[0m Building ROS package in '/home/unitree/unitree_converse/src/bob_llm' with build type 'ament_cmake'
[0.762s] [34mcolcon.colcon_cmake.task.cmake.build[0m [1;30mINFO[0m Building CMake package in '/home/unitree/unitree_converse/src/bob_llm'
[0.766s] [34mcolcon.colcon_core.plugin_system[0m [1;30mINFO[0m Skipping extension 'colcon_core.shell.bat': Not used on non-Windows systems
[0.767s] [34mcolcon.colcon_core.shell[0m [1;30mINFO[0m Skip shell extension 'powershell' for command environment: Not usable outside of PowerShell
[0.767s] [34mcolcon.colcon_core.shell[0m [1;30mDEBUG[0m [32mSkip shell extension 'dsv' for command environment[0m
[0.786s] [34mcolcon.colcon_core.event_handler.log_command[0m [1;30mDEBUG[0m [32mInvoking command in '/home/unitree/unitree_converse/build/bob_llm': CMAKE_PREFIX_PATH=${CMAKE_PREFIX_PATH}:/home/unitree/unitree_converse/install/g1_voice:/opt/ros/foxy /usr/bin/cmake /home/unitree/unitree_converse/src/bob_llm -DAMENT_CMAKE_SYMLINK_INSTALL=1 -DCMAKE_INSTALL_PREFIX=/home/unitree/unitree_converse/install/bob_llm[0m
[1.640s] [34mcolcon.colcon_core.event_handler.log_command[0m [1;30mDEBUG[0m [32mInvoked command in '/home/unitree/unitree_converse/build/bob_llm' returned '0': CMAKE_PREFIX_PATH=${CMAKE_PREFIX_PATH}:/home/unitree/unitree_converse/install/g1_voice:/opt/ros/foxy /usr/bin/cmake /home/unitree/unitree_converse/src/bob_llm -DAMENT_CMAKE_SYMLINK_INSTALL=1 -DCMAKE_INSTALL_PREFIX=/home/unitree/unitree_converse/install/bob_llm[0m
[1.648s] [34mcolcon.colcon_core.event_handler.log_command[0m [1;30mDEBUG[0m [32mInvoking command in '/home/unitree/unitree_converse/build/bob_llm': CMAKE_PREFIX_PATH=${CMAKE_PREFIX_PATH}:/home/unitree/unitree_converse/install/g1_voice:/opt/ros/foxy /usr/bin/cmake --build /home/unitree/unitree_converse/build/bob_llm -- -j8 -l8[0m
[2.514s] [34mcolcon.colcon_core.event_handler.log_command[0m [1;30mDEBUG[0m [32mInvoked command in '/home/unitree/unitree_converse/build/bob_llm' returned '0': CMAKE_PREFIX_PATH=${CMAKE_PREFIX_PATH}:/home/unitree/unitree_converse/install/g1_voice:/opt/ros/foxy /usr/bin/cmake --build /home/unitree/unitree_converse/build/bob_llm -- -j8 -l8[0m
[2.584s] [34mcolcon.colcon_core.event_handler.log_command[0m [1;30mDEBUG[0m [32mInvoking command in '/home/unitree/unitree_converse/build/bob_llm': CMAKE_PREFIX_PATH=${CMAKE_PREFIX_PATH}:/home/unitree/unitree_converse/install/g1_voice:/opt/ros/foxy /usr/bin/cmake --install /home/unitree/unitree_converse/build/bob_llm[0m
[3.271s] [34mcolcon.colcon_core.environment[0m [1;30mLevel 1[0m create_environment_scripts_only(bob_llm)
[3.273s] [34mcolcon.colcon_core.event_handler.log_command[0m [1;30mDEBUG[0m [32mInvoked command in '/home/unitree/unitree_converse/build/bob_llm' returned '0': CMAKE_PREFIX_PATH=${CMAKE_PREFIX_PATH}:/home/unitree/unitree_converse/install/g1_voice:/opt/ros/foxy /usr/bin/cmake --install /home/unitree/unitree_converse/build/bob_llm[0m
[3.280s] [34mcolcon.colcon_core.environment[0m [1;30mLevel 1[0m checking '/home/unitree/unitree_converse/install/bob_llm' for CMake module files
[3.282s] [34mcolcon.colcon_core.environment[0m [1;30mLevel 1[0m checking '/home/unitree/unitree_converse/install/bob_llm' for CMake config files
[3.284s] [34mcolcon.colcon_core.shell[0m [1;30mLevel 1[0m create_environment_hook('bob_llm', 'cmake_prefix_path')
[3.285s] [34mcolcon.colcon_core.shell[0m [1;30mINFO[0m Creating environment hook '/home/unitree/unitree_converse/install/bob_llm/share/bob_llm/hook/cmake_prefix_path.ps1'
[3.287s] [34mcolcon.colcon_core.shell[0m [1;30mINFO[0m Creating environment descriptor '/home/unitree/unitree_converse/install/bob_llm/share/bob_llm/hook/cmake_prefix_path.dsv'
[3.289s] [34mcolcon.colcon_core.shell[0m [1;30mINFO[0m Creating environment hook '/home/unitree/unitree_converse/install/bob_llm/share/bob_llm/hook/cmake_prefix_path.sh'
[3.292s] [34mcolcon.colcon_core.environment[0m [1;30mLevel 1[0m checking '/home/unitree/unitree_converse/install/bob_llm/lib'
[3.293s] [34mcolcon.colcon_core.environment[0m [1;30mLevel 1[0m checking '/home/unitree/unitree_converse/install/bob_llm/bin'
[3.293s] [34mcolcon.colcon_core.environment[0m [1;30mLevel 1[0m checking '/home/unitree/unitree_converse/install/bob_llm/lib/pkgconfig/bob_llm.pc'
[3.294s] [34mcolcon.colcon_core.environment[0m [1;30mLevel 1[0m checking '/home/unitree/unitree_converse/install/bob_llm/lib/python3.8/site-packages'
[3.294s] [34mcolcon.colcon_core.shell[0m [1;30mLevel 1[0m create_environment_hook('bob_llm', 'pythonpath')
[3.295s] [34mcolcon.colcon_core.shell[0m [1;30mINFO[0m Creating environment hook '/home/unitree/unitree_converse/install/bob_llm/share/bob_llm/hook/pythonpath.ps1'
[3.296s] [34mcolcon.colcon_core.shell[0m [1;30mINFO[0m Creating environment descriptor '/home/unitree/unitree_converse/install/bob_llm/share/bob_llm/hook/pythonpath.dsv'
[3.297s] [34mcolcon.colcon_core.shell[0m [1;30mINFO[0m Creating environment hook '/home/unitree/unitree_converse/install/bob_llm/share/bob_llm/hook/pythonpath.sh'
[3.299s] [34mcolcon.colcon_core.environment[0m [1;30mLevel 1[0m checking '/home/unitree/unitree_converse/install/bob_llm/bin'
[3.300s] [34mcolcon.colcon_core.shell[0m [1;30mINFO[0m Creating package script '/home/unitree/unitree_converse/install/bob_llm/share/bob_llm/package.ps1'
[3.302s] [34mcolcon.colcon_core.shell[0m [1;30mINFO[0m Creating package descriptor '/home/unitree/unitree_converse/install/bob_llm/share/bob_llm/package.dsv'
[3.304s] [34mcolcon.colcon_core.shell[0m [1;30mINFO[0m Creating package script '/home/unitree/unitree_converse/install/bob_llm/share/bob_llm/package.sh'
[3.306s] [34mcolcon.colcon_core.shell[0m [1;30mINFO[0m Creating package script '/home/unitree/unitree_converse/install/bob_llm/share/bob_llm/package.bash'
[3.308s] [34mcolcon.colcon_core.shell[0m [1;30mINFO[0m Creating package script '/home/unitree/unitree_converse/install/bob_llm/share/bob_llm/package.zsh'
[3.309s] [34mcolcon.colcon_core.environment[0m [1;30mLevel 1[0m create_file_with_runtime_dependencies(/home/unitree/unitree_converse/install/bob_llm/share/colcon-core/packages/bob_llm)
[3.350s] [34mcolcon.colcon_core.environment[0m [1;30mLevel 1[0m create_environment_scripts_only(bob_llm)
[3.351s] [34mcolcon.colcon_core.environment[0m [1;30mLevel 1[0m checking '/home/unitree/unitree_converse/install/bob_llm' for CMake module files
[3.353s] [34mcolcon.colcon_core.environment[0m [1;30mLevel 1[0m checking '/home/unitree/unitree_converse/install/bob_llm' for CMake config files
[3.354s] [34mcolcon.colcon_core.shell[0m [1;30mLevel 1[0m create_environment_hook('bob_llm', 'cmake_prefix_path')
[3.354s] [34mcolcon.colcon_core.shell[0m [1;30mINFO[0m Creating environment hook '/home/unitree/unitree_converse/install/bob_llm/share/bob_llm/hook/cmake_prefix_path.ps1'
[3.356s] [34mcolcon.colcon_core.shell[0m [1;30mINFO[0m Creating environment descriptor '/home/unitree/unitree_converse/install/bob_llm/share/bob_llm/hook/cmake_prefix_path.dsv'
[3.356s] [34mcolcon.colcon_core.shell[0m [1;30mINFO[0m Creating environment hook '/home/unitree/unitree_converse/install/bob_llm/share/bob_llm/hook/cmake_prefix_path.sh'
[3.358s] [34mcolcon.colcon_core.environment[0m [1;30mLevel 1[0m checking '/home/unitree/unitree_converse/install/bob_llm/lib'
[3.358s] [34mcolcon.colcon_core.environment[0m [1;30mLevel 1[0m checking '/home/unitree/unitree_converse/install/bob_llm/bin'
[3.359s] [34mcolcon.colcon_core.environment[0m [1;30mLevel 1[0m checking '/home/unitree/unitree_converse/install/bob_llm/lib/pkgconfig/bob_llm.pc'
[3.359s] [34mcolcon.colcon_core.environment[0m [1;30mLevel 1[0m checking '/home/unitree/unitree_converse/install/bob_llm/lib/python3.8/site-packages'
[3.360s] [34mcolcon.colcon_core.shell[0m [1;30mLevel 1[0m create_environment_hook('bob_llm', 'pythonpath')
[3.360s] [34mcolcon.colcon_core.shell[0m [1;30mINFO[0m Creating environment hook '/home/unitree/unitree_converse/install/bob_llm/share/bob_llm/hook/pythonpath.ps1'
[3.362s] [34mcolcon.colcon_core.shell[0m [1;30mINFO[0m Creating environment descriptor '/home/unitree/unitree_converse/install/bob_llm/share/bob_llm/hook/pythonpath.dsv'
[3.362s] [34mcolcon.colcon_core.shell[0m [1;30mINFO[0m Creating environment hook '/home/unitree/unitree_converse/install/bob_llm/share/bob_llm/hook/pythonpath.sh'
[3.364s] [34mcolcon.colcon_core.environment[0m [1;30mLevel 1[0m checking '/home/unitree/unitree_converse/install/bob_llm/bin'
[3.365s] [34mcolcon.colcon_core.shell[0m [1;30mINFO[0m Creating package script '/home/unitree/unitree_converse/install/bob_llm/share/bob_llm/package.ps1'
[3.366s] [34mcolcon.colcon_core.shell[0m [1;30mINFO[0m Creating package descriptor '/home/unitree/unitree_converse/install/bob_llm/share/bob_llm/package.dsv'
[3.368s] [34mcolcon.colcon_core.shell[0m [1;30mINFO[0m Creating package script '/home/unitree/unitree_converse/install/bob_llm/share/bob_llm/package.sh'
[3.369s] [34mcolcon.colcon_core.shell[0m [1;30mINFO[0m Creating package script '/home/unitree/unitree_converse/install/bob_llm/share/bob_llm/package.bash'
[3.370s] [34mcolcon.colcon_core.shell[0m [1;30mINFO[0m Creating package script '/home/unitree/unitree_converse/install/bob_llm/share/bob_llm/package.zsh'
[3.370s] [34mcolcon.colcon_core.environment[0m [1;30mLevel 1[0m create_file_with_runtime_dependencies(/home/unitree/unitree_converse/install/bob_llm/share/colcon-core/packages/bob_llm)
[3.372s] [34mcolcon.colcon_ros.task.ament_python.build[0m [1;30mINFO[0m Building ROS package in '/home/unitree/unitree_converse/src/g1_voice' with build type 'ament_python'
[3.372s] [34mcolcon.colcon_core.shell[0m [1;30mLevel 1[0m create_environment_hook('g1_voice', 'ament_prefix_path')
[3.373s] [34mcolcon.colcon_core.shell[0m [1;30mINFO[0m Creating environment hook '/home/unitree/unitree_converse/install/g1_voice/share/g1_voice/hook/ament_prefix_path.ps1'
[3.375s] [34mcolcon.colcon_core.shell[0m [1;30mINFO[0m Creating environment descriptor '/home/unitree/unitree_converse/install/g1_voice/share/g1_voice/hook/ament_prefix_path.dsv'
[3.375s] [34mcolcon.colcon_core.shell[0m [1;30mINFO[0m Creating environment hook '/home/unitree/unitree_converse/install/g1_voice/share/g1_voice/hook/ament_prefix_path.sh'
[3.376s] [34mcolcon.colcon_core.shell[0m [1;30mINFO[0m Skip shell extension 'powershell' for command environment: Not usable outside of PowerShell
[3.377s] [34mcolcon.colcon_core.shell[0m [1;30mDEBUG[0m [32mSkip shell extension 'dsv' for command environment[0m
[3.779s] [34mcolcon.colcon_core.task.python.build[0m [1;30mINFO[0m Building Python package in '/home/unitree/unitree_converse/src/g1_voice'
[3.781s] [34mcolcon.colcon_core.shell[0m [1;30mINFO[0m Skip shell extension 'powershell' for command environment: Not usable outside of PowerShell
[3.781s] [34mcolcon.colcon_core.shell[0m [1;30mDEBUG[0m [32mSkip shell extension 'dsv' for command environment[0m
[4.498s] [34mcolcon.colcon_core.event_handler.log_command[0m [1;30mDEBUG[0m [32mInvoking command in '/home/unitree/unitree_converse/build/g1_voice': PYTHONPATH=/home/unitree/unitree_converse/build/g1_voice/prefix_override:/usr/lib/python3/dist-packages/colcon_core/task/python/colcon_distutils_commands:/home/unitree/unitree_converse/install/g1_voice/lib/python3.8/site-packages:/home/unitree/unitree_converse/install/bob_llm/lib/python3.8/site-packages:/home/unitree/unitree_converse/install/g1_voice/lib/python3.8/site-packages:/opt/ros/foxy/lib/python3.8/site-packages /usr/bin/python3 -W ignore:setup.py install is deprecated setup.py develop --editable --build-directory /home/unitree/unitree_converse/build/g1_voice/build --no-deps symlink_data[0m
[5.272s] [34mcolcon.colcon_core.shell[0m [1;30mLevel 1[0m create_environment_hook('g1_voice', 'pythonpath_develop')
[5.274s] [34mcolcon.colcon_core.shell[0m [1;30mINFO[0m Creating environment hook '/home/unitree/unitree_converse/build/g1_voice/share/g1_voice/hook/pythonpath_develop.ps1'
[5.275s] [34mcolcon.colcon_core.event_handler.log_command[0m [1;30mDEBUG[0m [32mInvoked command in '/home/unitree/unitree_converse/build/g1_voice' returned '0': PYTHONPATH=/home/unitree/unitree_converse/build/g1_voice/prefix_override:/usr/lib/python3/dist-packages/colcon_core/task/python/colcon_distutils_commands:/home/unitree/unitree_converse/install/g1_voice/lib/python3.8/site-packages:/home/unitree/unitree_converse/install/bob_llm/lib/python3.8/site-packages:/home/unitree/unitree_converse/install/g1_voice/lib/python3.8/site-packages:/opt/ros/foxy/lib/python3.8/site-packages /usr/bin/python3 -W ignore:setup.py install is deprecated setup.py develop --editable --build-directory /home/unitree/unitree_converse/build/g1_voice/build --no-deps symlink_data[0m
[5.277s] [34mcolcon.colcon_core.shell[0m [1;30mINFO[0m Creating environment descriptor '/home/unitree/unitree_converse/build/g1_voice/share/g1_voice/hook/pythonpath_develop.dsv'
[5.279s] [34mcolcon.colcon_core.shell[0m [1;30mINFO[0m Creating environment hook '/home/unitree/unitree_converse/build/g1_voice/share/g1_voice/hook/pythonpath_develop.sh'
[5.281s] [34mcolcon.colcon_core.environment[0m [1;30mLevel 1[0m checking '/home/unitree/unitree_converse/install/g1_voice' for CMake module files
[5.282s] [34mcolcon.colcon_core.environment[0m [1;30mLevel 1[0m checking '/home/unitree/unitree_converse/install/g1_voice' for CMake config files
[5.285s] [34mcolcon.colcon_core.environment[0m [1;30mLevel 1[0m checking '/home/unitree/unitree_converse/install/g1_voice/lib'
[5.285s] [34mcolcon.colcon_core.environment[0m [1;30mLevel 1[0m checking '/home/unitree/unitree_converse/install/g1_voice/bin'
[5.285s] [34mcolcon.colcon_core.environment[0m [1;30mLevel 1[0m checking '/home/unitree/unitree_converse/install/g1_voice/lib/pkgconfig/g1_voice.pc'
[5.286s] [34mcolcon.colcon_core.environment[0m [1;30mLevel 1[0m checking '/home/unitree/unitree_converse/install/g1_voice/lib/python3.8/site-packages'
[5.286s] [34mcolcon.colcon_core.shell[0m [1;30mLevel 1[0m create_environment_hook('g1_voice', 'pythonpath')
[5.287s] [34mcolcon.colcon_core.shell[0m [1;30mINFO[0m Creating environment hook '/home/unitree/unitree_converse/install/g1_voice/share/g1_voice/hook/pythonpath.ps1'
[5.289s] [34mcolcon.colcon_core.shell[0m [1;30mINFO[0m Creating environment descriptor '/home/unitree/unitree_converse/install/g1_voice/share/g1_voice/hook/pythonpath.dsv'
[5.290s] [34mcolcon.colcon_core.shell[0m [1;30mINFO[0m Creating environment hook '/home/unitree/unitree_converse/install/g1_voice/share/g1_voice/hook/pythonpath.sh'
[5.291s] [34mcolcon.colcon_core.environment[0m [1;30mLevel 1[0m checking '/home/unitree/unitree_converse/install/g1_voice/bin'
[5.292s] [34mcolcon.colcon_core.environment[0m [1;30mLevel 1[0m create_environment_scripts_only(g1_voice)
[5.293s] [34mcolcon.colcon_core.shell[0m [1;30mINFO[0m Creating package script '/home/unitree/unitree_converse/install/g1_voice/share/g1_voice/package.ps1'
[5.295s] [34mcolcon.colcon_core.shell[0m [1;30mINFO[0m Creating package descriptor '/home/unitree/unitree_converse/install/g1_voice/share/g1_voice/package.dsv'
[5.296s] [34mcolcon.colcon_core.shell[0m [1;30mINFO[0m Creating package script '/home/unitree/unitree_converse/install/g1_voice/share/g1_voice/package.sh'
[5.298s] [34mcolcon.colcon_core.shell[0m [1;30mINFO[0m Creating package script '/home/unitree/unitree_converse/install/g1_voice/share/g1_voice/package.bash'
[5.299s] [34mcolcon.colcon_core.shell[0m [1;30mINFO[0m Creating package script '/home/unitree/unitree_converse/install/g1_voice/share/g1_voice/package.zsh'
[5.300s] [34mcolcon.colcon_core.environment[0m [1;30mLevel 1[0m create_file_with_runtime_dependencies(/home/unitree/unitree_converse/install/g1_voice/share/colcon-core/packages/g1_voice)
[5.301s] [34mcolcon.colcon_parallel_executor.executor.parallel[0m [1;30mDEBUG[0m [32mclosing loop[0m
[5.302s] [34mcolcon.colcon_parallel_executor.executor.parallel[0m [1;30mDEBUG[0m [32mloop closed[0m
[5.303s] [34mcolcon.colcon_parallel_executor.executor.parallel[0m [1;30mDEBUG[0m [32mrun_until_complete finished with '0'[0m
[5.303s] [34mcolcon.colcon_core.event_reactor[0m [1;30mDEBUG[0m [32mjoining thread[0m
[5.323s] [34mcolcon.colcon_core.plugin_system[0m [1;30mINFO[0m Skipping extension 'colcon_notification.desktop_notification.terminal_notifier': Not used on non-Darwin systems
[5.323s] [34mcolcon.colcon_core.plugin_system[0m [1;30mINFO[0m Skipping extension 'colcon_notification.desktop_notification.win32': Not used on non-Windows systems
[5.324s] [34mcolcon.colcon_notification.desktop_notification[0m [1;30mINFO[0m Sending desktop notification using 'notify2'
[5.345s] [34mcolcon.colcon_notification.desktop_notification.notify2[0m [1;30mDEBUG[0m [32mFailed to initialize notify2: org.freedesktop.DBus.Error.Spawn.ChildExited: Process org.freedesktop.Notifications exited with status 1[0m
[5.346s] [34mcolcon.colcon_core.event_reactor[0m [1;30mDEBUG[0m [32mjoined thread[0m
[5.347s] [34mcolcon.colcon_core.shell[0m [1;30mINFO[0m Creating prefix script '/home/unitree/unitree_converse/install/local_setup.ps1'
[5.350s] [34mcolcon.colcon_core.shell[0m [1;30mINFO[0m Creating prefix util module '/home/unitree/unitree_converse/install/_local_setup_util_ps1.py'
[5.354s] [34mcolcon.colcon_core.shell[0m [1;30mINFO[0m Creating prefix chain script '/home/unitree/unitree_converse/install/setup.ps1'
[5.358s] [34mcolcon.colcon_core.shell[0m [1;30mINFO[0m Creating prefix script '/home/unitree/unitree_converse/install/local_setup.sh'
[5.360s] [34mcolcon.colcon_core.shell[0m [1;30mINFO[0m Creating prefix util module '/home/unitree/unitree_converse/install/_local_setup_util_sh.py'
[5.362s] [34mcolcon.colcon_core.shell[0m [1;30mINFO[0m Creating prefix chain script '/home/unitree/unitree_converse/install/setup.sh'
[5.365s] [34mcolcon.colcon_core.shell[0m [1;30mINFO[0m Creating prefix script '/home/unitree/unitree_converse/install/local_setup.bash'
[5.366s] [34mcolcon.colcon_core.shell[0m [1;30mINFO[0m Creating prefix chain script '/home/unitree/unitree_converse/install/setup.bash'
[5.369s] [34mcolcon.colcon_core.shell[0m [1;30mINFO[0m Creating prefix script '/home/unitree/unitree_converse/install/local_setup.zsh'
[5.370s] [34mcolcon.colcon_core.shell[0m [1;30mINFO[0m Creating prefix chain script '/home/unitree/unitree_converse/install/setup.zsh'
