[1.174s] Invoking command in '/home/unitree/unitree_converse/build/g1_voice': PYTHONPATH=/home/unitree/unitree_converse/build/g1_voice/prefix_override:/usr/lib/python3/dist-packages/colcon_core/task/python/colcon_distutils_commands:/home/unitree/unitree_converse/install/g1_voice/lib/python3.8/site-packages:/home/unitree/unitree_converse/install/bob_llm/lib/python3.8/site-packages:/home/unitree/unitree_converse/build/g1_voice:/home/unitree/unitree_converse/install/g1_voice/lib/python3.8/site-packages:/home/unitree/unitree_ros2/cyclonedds_ws/install/unitree_hg/lib/python3.8/site-packages:/home/unitree/unitree_ros2/cyclonedds_ws/install/unitree_go/lib/python3.8/site-packages:/home/unitree/unitree_ros2/cyclonedds_ws/install/unitree_api/lib/python3.8/site-packages:/opt/ros/foxy/lib/python3.8/site-packages /usr/bin/python3 -W ignore:setup.py install is deprecated setup.py develop --editable --build-directory /home/unitree/unitree_converse/build/g1_voice/build --no-deps symlink_data
[1.560s] running develop
[1.788s] running egg_info
[1.789s] writing g1_voice.egg-info/PKG-INFO
[1.789s] writing dependency_links to g1_voice.egg-info/dependency_links.txt
[1.790s] writing entry points to g1_voice.egg-info/entry_points.txt
[1.790s] writing requirements to g1_voice.egg-info/requires.txt
[1.790s] writing top-level names to g1_voice.egg-info/top_level.txt
[1.837s] reading manifest file 'g1_voice.egg-info/SOURCES.txt'
[1.838s] writing manifest file 'g1_voice.egg-info/SOURCES.txt'
[1.896s] running build_ext
[1.896s] Creating /home/unitree/unitree_converse/install/g1_voice/lib/python3.8/site-packages/g1-voice.egg-link (link to .)
[1.898s] Installing action_dispatcher_node script to /home/unitree/unitree_converse/install/g1_voice/lib/g1_voice
[1.898s] Installing button_trigger_node script to /home/unitree/unitree_converse/install/g1_voice/lib/g1_voice
[1.899s] Installing robot_state_mock_node script to /home/unitree/unitree_converse/install/g1_voice/lib/g1_voice
[1.899s] Installing stt_node script to /home/unitree/unitree_converse/install/g1_voice/lib/g1_voice
[1.900s] Installing tts_node script to /home/unitree/unitree_converse/install/g1_voice/lib/g1_voice
[1.900s] Installing wake_word_node script to /home/unitree/unitree_converse/install/g1_voice/lib/g1_voice
[1.900s] 
[1.901s] Installed /home/unitree/unitree_converse/build/g1_voice
[1.901s] running symlink_data
[1.971s] Invoked command in '/home/unitree/unitree_converse/build/g1_voice' returned '0': PYTHONPATH=/home/unitree/unitree_converse/build/g1_voice/prefix_override:/usr/lib/python3/dist-packages/colcon_core/task/python/colcon_distutils_commands:/home/unitree/unitree_converse/install/g1_voice/lib/python3.8/site-packages:/home/unitree/unitree_converse/install/bob_llm/lib/python3.8/site-packages:/home/unitree/unitree_converse/build/g1_voice:/home/unitree/unitree_converse/install/g1_voice/lib/python3.8/site-packages:/home/unitree/unitree_ros2/cyclonedds_ws/install/unitree_hg/lib/python3.8/site-packages:/home/unitree/unitree_ros2/cyclonedds_ws/install/unitree_go/lib/python3.8/site-packages:/home/unitree/unitree_ros2/cyclonedds_ws/install/unitree_api/lib/python3.8/site-packages:/opt/ros/foxy/lib/python3.8/site-packages /usr/bin/python3 -W ignore:setup.py install is deprecated setup.py develop --editable --build-directory /home/unitree/unitree_converse/build/g1_voice/build --no-deps symlink_data
