[1.206s] Invoking command in '/home/unitree/unitree_converse/build/g1_voice': AMENT_PREFIX_PATH=/home/unitree/unitree_converse/install/bob_llm:${AMENT_PREFIX_PATH} CMAKE_PREFIX_PATH=/home/unitree/unitree_converse/install/bob_llm:${CMAKE_PREFIX_PATH} PYTHONPATH=/home/unitree/unitree_converse/build/g1_voice/prefix_override:/usr/lib/python3/dist-packages/colcon_core/task/python/colcon_distutils_commands:/home/unitree/unitree_converse/install/g1_voice/lib/python3.8/site-packages:/home/unitree/unitree_converse/install/bob_llm/lib/python3.8/site-packages:${PYTHONPATH} /usr/bin/python3 -W ignore:setup.py install is deprecated setup.py develop --editable --build-directory /home/unitree/unitree_converse/build/g1_voice/build --no-deps symlink_data
[1.587s] running develop
[1.809s] running egg_info
[1.809s] writing g1_voice.egg-info/PKG-INFO
[1.810s] writing dependency_links to g1_voice.egg-info/dependency_links.txt
[1.810s] writing entry points to g1_voice.egg-info/entry_points.txt
[1.810s] writing requirements to g1_voice.egg-info/requires.txt
[1.810s] writing top-level names to g1_voice.egg-info/top_level.txt
[1.857s] reading manifest file 'g1_voice.egg-info/SOURCES.txt'
[1.859s] writing manifest file 'g1_voice.egg-info/SOURCES.txt'
[1.915s] running build_ext
[1.915s] Creating /home/unitree/unitree_converse/install/g1_voice/lib/python3.8/site-packages/g1-voice.egg-link (link to .)
[1.917s] Installing action_dispatcher_node script to /home/unitree/unitree_converse/install/g1_voice/lib/g1_voice
[1.917s] Installing button_trigger_node script to /home/unitree/unitree_converse/install/g1_voice/lib/g1_voice
[1.917s] Installing robot_state_mock_node script to /home/unitree/unitree_converse/install/g1_voice/lib/g1_voice
[1.917s] Installing stt_node script to /home/unitree/unitree_converse/install/g1_voice/lib/g1_voice
[1.918s] Installing tts_node script to /home/unitree/unitree_converse/install/g1_voice/lib/g1_voice
[1.918s] Installing wake_word_node script to /home/unitree/unitree_converse/install/g1_voice/lib/g1_voice
[1.918s] 
[1.918s] Installed /home/unitree/unitree_converse/build/g1_voice
[1.918s] running symlink_data
[1.990s] Invoked command in '/home/unitree/unitree_converse/build/g1_voice' returned '0': AMENT_PREFIX_PATH=/home/unitree/unitree_converse/install/bob_llm:${AMENT_PREFIX_PATH} CMAKE_PREFIX_PATH=/home/unitree/unitree_converse/install/bob_llm:${CMAKE_PREFIX_PATH} PYTHONPATH=/home/unitree/unitree_converse/build/g1_voice/prefix_override:/usr/lib/python3/dist-packages/colcon_core/task/python/colcon_distutils_commands:/home/unitree/unitree_converse/install/g1_voice/lib/python3.8/site-packages:/home/unitree/unitree_converse/install/bob_llm/lib/python3.8/site-packages:${PYTHONPATH} /usr/bin/python3 -W ignore:setup.py install is deprecated setup.py develop --editable --build-directory /home/unitree/unitree_converse/build/g1_voice/build --no-deps symlink_data
