[1.177s] Invoking command in '/home/unitree/unitree_converse/src/g1_voice': PYTHONPATH=/home/unitree/unitree_converse/build/g1_voice/prefix_override:/usr/lib/python3/dist-packages/colcon_core/task/python/colcon_distutils_commands:/home/unitree/unitree_converse/install/g1_voice/lib/python3.8/site-packages:/home/unitree/unitree_converse/install/bob_llm/lib/python3.8/site-packages:/home/unitree/unitree_converse/install/g1_voice/lib/python3.8/site-packages:/opt/ros/foxy/lib/python3.8/site-packages /usr/bin/python3 -W ignore:setup.py install is deprecated setup.py egg_info --egg-base ../../build/g1_voice build --build-base /home/unitree/unitree_converse/build/g1_voice/build install --record /home/unitree/unitree_converse/build/g1_voice/install.log --single-version-externally-managed install_data
[1.516s] running egg_info
[1.516s] writing ../../build/g1_voice/g1_voice.egg-info/PKG-INFO
[1.517s] writing dependency_links to ../../build/g1_voice/g1_voice.egg-info/dependency_links.txt
[1.518s] writing entry points to ../../build/g1_voice/g1_voice.egg-info/entry_points.txt
[1.518s] writing requirements to ../../build/g1_voice/g1_voice.egg-info/requires.txt
[1.518s] writing top-level names to ../../build/g1_voice/g1_voice.egg-info/top_level.txt
[1.569s] reading manifest file '../../build/g1_voice/g1_voice.egg-info/SOURCES.txt'
[1.571s] writing manifest file '../../build/g1_voice/g1_voice.egg-info/SOURCES.txt'
[1.571s] running build
[1.571s] running build_py
[1.573s] running install
[1.574s] running install_lib
[1.577s] byte-compiling /home/unitree/unitree_converse/install/g1_voice/lib/python3.8/site-packages/g1_voice/stt_node_v1.py to stt_node_v1.cpython-38.pyc
[1.579s] Sorry: TabError: inconsistent use of tabs and spaces in indentation (stt_node_v1.py, line 50)
[1.579s] running install_data
[1.580s] copying config/voice_params_real.yaml -> /home/unitree/unitree_converse/install/g1_voice/share/g1_voice/config
[1.581s] running install_egg_info
[1.583s] removing '/home/unitree/unitree_converse/install/g1_voice/lib/python3.8/site-packages/g1_voice-0.0.0-py3.8.egg-info' (and everything under it)
[1.584s] Copying ../../build/g1_voice/g1_voice.egg-info to /home/unitree/unitree_converse/install/g1_voice/lib/python3.8/site-packages/g1_voice-0.0.0-py3.8.egg-info
[1.586s] running install_scripts
[1.615s] Installing action_dispatcher_node script to /home/unitree/unitree_converse/install/g1_voice/lib/g1_voice
[1.616s] Installing button_trigger_node script to /home/unitree/unitree_converse/install/g1_voice/lib/g1_voice
[1.616s] Installing robot_state_mock_node script to /home/unitree/unitree_converse/install/g1_voice/lib/g1_voice
[1.616s] Installing robot_state_node script to /home/unitree/unitree_converse/install/g1_voice/lib/g1_voice
[1.617s] Installing stt_node script to /home/unitree/unitree_converse/install/g1_voice/lib/g1_voice
[1.617s] Installing tts_node script to /home/unitree/unitree_converse/install/g1_voice/lib/g1_voice
[1.617s] Installing wake_word_node script to /home/unitree/unitree_converse/install/g1_voice/lib/g1_voice
[1.618s] writing list of installed files to '/home/unitree/unitree_converse/build/g1_voice/install.log'
[1.672s] Invoked command in '/home/unitree/unitree_converse/src/g1_voice' returned '0': PYTHONPATH=/home/unitree/unitree_converse/build/g1_voice/prefix_override:/usr/lib/python3/dist-packages/colcon_core/task/python/colcon_distutils_commands:/home/unitree/unitree_converse/install/g1_voice/lib/python3.8/site-packages:/home/unitree/unitree_converse/install/bob_llm/lib/python3.8/site-packages:/home/unitree/unitree_converse/install/g1_voice/lib/python3.8/site-packages:/opt/ros/foxy/lib/python3.8/site-packages /usr/bin/python3 -W ignore:setup.py install is deprecated setup.py egg_info --egg-base ../../build/g1_voice build --build-base /home/unitree/unitree_converse/build/g1_voice/build install --record /home/unitree/unitree_converse/build/g1_voice/install.log --single-version-externally-managed install_data
