[0.021s] Invoking command in '/home/unitree/unitree_converse/build/bob_llm': CMAKE_PREFIX_PATH=${CMAKE_PREFIX_PATH}:/home/unitree/unitree_converse/install/g1_voice:/opt/ros/foxy /usr/bin/cmake /home/unitree/unitree_converse/src/bob_llm -DAMENT_CMAKE_SYMLINK_INSTALL=1 -DCMAKE_INSTALL_PREFIX=/home/unitree/unitree_converse/install/bob_llm
[0.170s] -- The C compiler identification is GNU 9.4.0
[0.291s] -- The CXX compiler identification is GNU 9.4.0
[0.304s] -- Check for working C compiler: /usr/bin/cc
[0.431s] -- Check for working C compiler: /usr/bin/cc -- works
[0.433s] -- Detecting C compiler ABI info
[0.566s] -- Detecting C compiler ABI info - done
[0.597s] -- Detecting C compile features
[0.597s] -- Detecting C compile features - done
[0.604s] -- Check for working CXX compiler: /usr/bin/c++
[0.739s] -- Check for working CXX compiler: /usr/bin/c++ -- works
[0.742s] -- Detecting CXX compiler ABI info
[0.882s] -- Detecting CXX compiler ABI info - done
[0.912s] -- Detecting CXX compile features
[0.913s] -- Detecting CXX compile features - done
[0.920s] -- Found ament_cmake: 0.9.12 (/opt/ros/foxy/share/ament_cmake/cmake)
[0.962s] -- Found PythonInterp: /usr/bin/python3 (found suitable version "3.8.10", minimum required is "3") 
[0.962s] -- Using PYTHON_EXECUTABLE: /usr/bin/python3
[1.257s] -- Override CMake install command with custom implementation using symlinks instead of copying resources
[1.317s] -- Found std_msgs: 2.0.5 (/opt/ros/foxy/share/std_msgs/cmake)
[1.368s] -- Using all available rosidl_typesupport_c: rosidl_typesupport_fastrtps_c;rosidl_typesupport_introspection_c
[1.381s] -- Found rosidl_adapter: 1.3.1 (/opt/ros/foxy/share/rosidl_adapter/cmake)
[1.548s] -- Found OpenSSL: /usr/lib/aarch64-linux-gnu/libcrypto.so (found version "1.1.1f")  
[1.598s] -- Found FastRTPS: /opt/ros/foxy/include  
[1.729s] -- Using all available rosidl_typesupport_cpp: rosidl_typesupport_fastrtps_cpp;rosidl_typesupport_introspection_cpp
[1.848s] CMake Error at /opt/ros/foxy/share/ament_cmake_python/cmake/ament_python_install_package.cmake:34 (message):
[1.848s]   ament_python_install_package() called with unused arguments:
[1.848s]   SETUP_CFG;bob_llm/setup.cfg;SCRIPTS_DESTINATION;lib/bob_llm
[1.848s] Call Stack (most recent call first):
[1.849s]   /opt/ros/foxy/share/ament_cmake_python/cmake/ament_python_install_package.cmake:28 (_ament_cmake_python_install_package)
[1.849s]   CMakeLists.txt:15 (ament_python_install_package)
[1.849s] 
[1.849s] 
[1.850s] -- Configuring incomplete, errors occurred!
[1.850s] See also "/home/unitree/unitree_converse/build/bob_llm/CMakeFiles/CMakeOutput.log".
[1.868s] Invoked command in '/home/unitree/unitree_converse/build/bob_llm' returned '1': CMAKE_PREFIX_PATH=${CMAKE_PREFIX_PATH}:/home/unitree/unitree_converse/install/g1_voice:/opt/ros/foxy /usr/bin/cmake /home/unitree/unitree_converse/src/bob_llm -DAMENT_CMAKE_SYMLINK_INSTALL=1 -DCMAKE_INSTALL_PREFIX=/home/unitree/unitree_converse/install/bob_llm
