running develop
Removing /home/unitree/unitree_converse/install/g1_voice/lib/python3.8/site-packages/g1-voice.egg-link (link to .)
running egg_info
writing ../../build/g1_voice/g1_voice.egg-info/PKG-INFO
writing dependency_links to ../../build/g1_voice/g1_voice.egg-info/dependency_links.txt
writing entry points to ../../build/g1_voice/g1_voice.egg-info/entry_points.txt
writing requirements to ../../build/g1_voice/g1_voice.egg-info/requires.txt
writing top-level names to ../../build/g1_voice/g1_voice.egg-info/top_level.txt
reading manifest file '../../build/g1_voice/g1_voice.egg-info/SOURCES.txt'
writing manifest file '../../build/g1_voice/g1_voice.egg-info/SOURCES.txt'
running build
running build_py
creating /home/unitree/unitree_converse/build/g1_voice/build
creating /home/unitree/unitree_converse/build/g1_voice/build/lib
creating /home/unitree/unitree_converse/build/g1_voice/build/lib/g1_voice
copying g1_voice/stt_node.py -> /home/unitree/unitree_converse/build/g1_voice/build/lib/g1_voice
copying g1_voice/action_dispatcher_node.py -> /home/unitree/unitree_converse/build/g1_voice/build/lib/g1_voice
copying g1_voice/robot_state_node.py -> /home/unitree/unitree_converse/build/g1_voice/build/lib/g1_voice
copying g1_voice/button_trigger_node.py -> /home/unitree/unitree_converse/build/g1_voice/build/lib/g1_voice
copying g1_voice/stt_node_v1.py -> /home/unitree/unitree_converse/build/g1_voice/build/lib/g1_voice
copying g1_voice/tts_node.py -> /home/unitree/unitree_converse/build/g1_voice/build/lib/g1_voice
copying g1_voice/__init__.py -> /home/unitree/unitree_converse/build/g1_voice/build/lib/g1_voice
copying g1_voice/wake_word_node.py -> /home/unitree/unitree_converse/build/g1_voice/build/lib/g1_voice
running install
running install_lib
creating /home/unitree/unitree_converse/install/g1_voice/lib/python3.8/site-packages/g1_voice
copying /home/unitree/unitree_converse/build/g1_voice/build/lib/g1_voice/stt_node.py -> /home/unitree/unitree_converse/install/g1_voice/lib/python3.8/site-packages/g1_voice
copying /home/unitree/unitree_converse/build/g1_voice/build/lib/g1_voice/action_dispatcher_node.py -> /home/unitree/unitree_converse/install/g1_voice/lib/python3.8/site-packages/g1_voice
copying /home/unitree/unitree_converse/build/g1_voice/build/lib/g1_voice/robot_state_node.py -> /home/unitree/unitree_converse/install/g1_voice/lib/python3.8/site-packages/g1_voice
copying /home/unitree/unitree_converse/build/g1_voice/build/lib/g1_voice/button_trigger_node.py -> /home/unitree/unitree_converse/install/g1_voice/lib/python3.8/site-packages/g1_voice
copying /home/unitree/unitree_converse/build/g1_voice/build/lib/g1_voice/stt_node_v1.py -> /home/unitree/unitree_converse/install/g1_voice/lib/python3.8/site-packages/g1_voice
copying /home/unitree/unitree_converse/build/g1_voice/build/lib/g1_voice/tts_node.py -> /home/unitree/unitree_converse/install/g1_voice/lib/python3.8/site-packages/g1_voice
copying /home/unitree/unitree_converse/build/g1_voice/build/lib/g1_voice/__init__.py -> /home/unitree/unitree_converse/install/g1_voice/lib/python3.8/site-packages/g1_voice
copying /home/unitree/unitree_converse/build/g1_voice/build/lib/g1_voice/wake_word_node.py -> /home/unitree/unitree_converse/install/g1_voice/lib/python3.8/site-packages/g1_voice
byte-compiling /home/unitree/unitree_converse/install/g1_voice/lib/python3.8/site-packages/g1_voice/stt_node.py to stt_node.cpython-38.pyc
byte-compiling /home/unitree/unitree_converse/install/g1_voice/lib/python3.8/site-packages/g1_voice/action_dispatcher_node.py to action_dispatcher_node.cpython-38.pyc
byte-compiling /home/unitree/unitree_converse/install/g1_voice/lib/python3.8/site-packages/g1_voice/robot_state_node.py to robot_state_node.cpython-38.pyc
byte-compiling /home/unitree/unitree_converse/install/g1_voice/lib/python3.8/site-packages/g1_voice/button_trigger_node.py to button_trigger_node.cpython-38.pyc
byte-compiling /home/unitree/unitree_converse/install/g1_voice/lib/python3.8/site-packages/g1_voice/stt_node_v1.py to stt_node_v1.cpython-38.pyc
byte-compiling /home/unitree/unitree_converse/install/g1_voice/lib/python3.8/site-packages/g1_voice/tts_node.py to tts_node.cpython-38.pyc
byte-compiling /home/unitree/unitree_converse/install/g1_voice/lib/python3.8/site-packages/g1_voice/__init__.py to __init__.cpython-38.pyc
byte-compiling /home/unitree/unitree_converse/install/g1_voice/lib/python3.8/site-packages/g1_voice/wake_word_node.py to wake_word_node.cpython-38.pyc
running install_data
copying resource/g1_voice -> /home/unitree/unitree_converse/install/g1_voice/share/ament_index/resource_index/packages
copying package.xml -> /home/unitree/unitree_converse/install/g1_voice/share/g1_voice
copying launch/voice_real.launch.py -> /home/unitree/unitree_converse/install/g1_voice/share/g1_voice/launch
copying launch/voice_sim.launch.py -> /home/unitree/unitree_converse/install/g1_voice/share/g1_voice/launch
copying config/voice_params.yaml -> /home/unitree/unitree_converse/install/g1_voice/share/g1_voice/config
copying config/voice_params_real.yaml -> /home/unitree/unitree_converse/install/g1_voice/share/g1_voice/config
running install_egg_info
Copying ../../build/g1_voice/g1_voice.egg-info to /home/unitree/unitree_converse/install/g1_voice/lib/python3.8/site-packages/g1_voice-0.0.0-py3.8.egg-info
running install_scripts
Installing action_dispatcher_node script to /home/unitree/unitree_converse/install/g1_voice/lib/g1_voice
Installing button_trigger_node script to /home/unitree/unitree_converse/install/g1_voice/lib/g1_voice
Installing robot_state_mock_node script to /home/unitree/unitree_converse/install/g1_voice/lib/g1_voice
Installing robot_state_node script to /home/unitree/unitree_converse/install/g1_voice/lib/g1_voice
Installing stt_node script to /home/unitree/unitree_converse/install/g1_voice/lib/g1_voice
Installing tts_node script to /home/unitree/unitree_converse/install/g1_voice/lib/g1_voice
Installing wake_word_node script to /home/unitree/unitree_converse/install/g1_voice/lib/g1_voice
writing list of installed files to '/home/unitree/unitree_converse/build/g1_voice/install.log'
