[1.156s] Invoking command in '/home/unitree/unitree_converse/build/g1_voice': AMENT_PREFIX_PATH=/home/unitree/unitree_converse/install/bob_llm:${AMENT_PREFIX_PATH} CMAKE_PREFIX_PATH=/home/unitree/unitree_converse/install/bob_llm PYTHONPATH=/home/unitree/unitree_converse/build/g1_voice/prefix_override:/usr/lib/python3/dist-packages/colcon_core/task/python/colcon_distutils_commands:/home/unitree/unitree_converse/install/g1_voice/lib/python3.8/site-packages:/home/unitree/unitree_converse/install/bob_llm/lib/python3.8/site-packages:${PYTHONPATH} /usr/bin/python3 -W ignore:setup.py install is deprecated setup.py develop --uninstall --editable --build-directory /home/unitree/unitree_converse/build/g1_voice/build
[1.520s] running develop
[1.741s] Removing /home/unitree/unitree_converse/install/g1_voice/lib/python3.8/site-packages/g1-voice.egg-link (link to .)
[1.792s] Invoked command in '/home/unitree/unitree_converse/build/g1_voice' returned '0': AMENT_PREFIX_PATH=/home/unitree/unitree_converse/install/bob_llm:${AMENT_PREFIX_PATH} CMAKE_PREFIX_PATH=/home/unitree/unitree_converse/install/bob_llm PYTHONPATH=/home/unitree/unitree_converse/build/g1_voice/prefix_override:/usr/lib/python3/dist-packages/colcon_core/task/python/colcon_distutils_commands:/home/unitree/unitree_converse/install/g1_voice/lib/python3.8/site-packages:/home/unitree/unitree_converse/install/bob_llm/lib/python3.8/site-packages:${PYTHONPATH} /usr/bin/python3 -W ignore:setup.py install is deprecated setup.py develop --uninstall --editable --build-directory /home/unitree/unitree_converse/build/g1_voice/build
[1.799s] Invoking command in '/home/unitree/unitree_converse/src/g1_voice': AMENT_PREFIX_PATH=/home/unitree/unitree_converse/install/bob_llm:${AMENT_PREFIX_PATH} CMAKE_PREFIX_PATH=/home/unitree/unitree_converse/install/bob_llm PYTHONPATH=/home/unitree/unitree_converse/build/g1_voice/prefix_override:/usr/lib/python3/dist-packages/colcon_core/task/python/colcon_distutils_commands:/home/unitree/unitree_converse/install/g1_voice/lib/python3.8/site-packages:/home/unitree/unitree_converse/install/bob_llm/lib/python3.8/site-packages:${PYTHONPATH} /usr/bin/python3 -W ignore:setup.py install is deprecated setup.py egg_info --egg-base ../../build/g1_voice build --build-base /home/unitree/unitree_converse/build/g1_voice/build install --record /home/unitree/unitree_converse/build/g1_voice/install.log --single-version-externally-managed install_data --force
[2.140s] running egg_info
[2.141s] writing ../../build/g1_voice/g1_voice.egg-info/PKG-INFO
[2.141s] writing dependency_links to ../../build/g1_voice/g1_voice.egg-info/dependency_links.txt
[2.141s] writing entry points to ../../build/g1_voice/g1_voice.egg-info/entry_points.txt
[2.142s] writing requirements to ../../build/g1_voice/g1_voice.egg-info/requires.txt
[2.142s] writing top-level names to ../../build/g1_voice/g1_voice.egg-info/top_level.txt
[2.191s] reading manifest file '../../build/g1_voice/g1_voice.egg-info/SOURCES.txt'
[2.192s] writing manifest file '../../build/g1_voice/g1_voice.egg-info/SOURCES.txt'
[2.193s] running build
[2.193s] running build_py
[2.193s] creating /home/unitree/unitree_converse/build/g1_voice/build
[2.193s] creating /home/unitree/unitree_converse/build/g1_voice/build/lib
[2.193s] creating /home/unitree/unitree_converse/build/g1_voice/build/lib/g1_voice
[2.193s] copying g1_voice/stt_node.py -> /home/unitree/unitree_converse/build/g1_voice/build/lib/g1_voice
[2.194s] copying g1_voice/action_dispatcher_node.py -> /home/unitree/unitree_converse/build/g1_voice/build/lib/g1_voice
[2.194s] copying g1_voice/robot_state_node.py -> /home/unitree/unitree_converse/build/g1_voice/build/lib/g1_voice
[2.194s] copying g1_voice/button_trigger_node.py -> /home/unitree/unitree_converse/build/g1_voice/build/lib/g1_voice
[2.194s] copying g1_voice/stt_node_v1.py -> /home/unitree/unitree_converse/build/g1_voice/build/lib/g1_voice
[2.194s] copying g1_voice/tts_node.py -> /home/unitree/unitree_converse/build/g1_voice/build/lib/g1_voice
[2.195s] copying g1_voice/__init__.py -> /home/unitree/unitree_converse/build/g1_voice/build/lib/g1_voice
[2.195s] copying g1_voice/wake_word_node.py -> /home/unitree/unitree_converse/build/g1_voice/build/lib/g1_voice
[2.195s] running install
[2.196s] running install_lib
[2.198s] creating /home/unitree/unitree_converse/install/g1_voice/lib/python3.8/site-packages/g1_voice
[2.198s] copying /home/unitree/unitree_converse/build/g1_voice/build/lib/g1_voice/stt_node.py -> /home/unitree/unitree_converse/install/g1_voice/lib/python3.8/site-packages/g1_voice
[2.198s] copying /home/unitree/unitree_converse/build/g1_voice/build/lib/g1_voice/action_dispatcher_node.py -> /home/unitree/unitree_converse/install/g1_voice/lib/python3.8/site-packages/g1_voice
[2.198s] copying /home/unitree/unitree_converse/build/g1_voice/build/lib/g1_voice/robot_state_node.py -> /home/unitree/unitree_converse/install/g1_voice/lib/python3.8/site-packages/g1_voice
[2.199s] copying /home/unitree/unitree_converse/build/g1_voice/build/lib/g1_voice/button_trigger_node.py -> /home/unitree/unitree_converse/install/g1_voice/lib/python3.8/site-packages/g1_voice
[2.199s] copying /home/unitree/unitree_converse/build/g1_voice/build/lib/g1_voice/stt_node_v1.py -> /home/unitree/unitree_converse/install/g1_voice/lib/python3.8/site-packages/g1_voice
[2.199s] copying /home/unitree/unitree_converse/build/g1_voice/build/lib/g1_voice/tts_node.py -> /home/unitree/unitree_converse/install/g1_voice/lib/python3.8/site-packages/g1_voice
[2.199s] copying /home/unitree/unitree_converse/build/g1_voice/build/lib/g1_voice/__init__.py -> /home/unitree/unitree_converse/install/g1_voice/lib/python3.8/site-packages/g1_voice
[2.199s] copying /home/unitree/unitree_converse/build/g1_voice/build/lib/g1_voice/wake_word_node.py -> /home/unitree/unitree_converse/install/g1_voice/lib/python3.8/site-packages/g1_voice
[2.200s] byte-compiling /home/unitree/unitree_converse/install/g1_voice/lib/python3.8/site-packages/g1_voice/stt_node.py to stt_node.cpython-38.pyc
[2.204s] byte-compiling /home/unitree/unitree_converse/install/g1_voice/lib/python3.8/site-packages/g1_voice/action_dispatcher_node.py to action_dispatcher_node.cpython-38.pyc
[2.204s] byte-compiling /home/unitree/unitree_converse/install/g1_voice/lib/python3.8/site-packages/g1_voice/robot_state_node.py to robot_state_node.cpython-38.pyc
[2.207s] byte-compiling /home/unitree/unitree_converse/install/g1_voice/lib/python3.8/site-packages/g1_voice/button_trigger_node.py to button_trigger_node.cpython-38.pyc
[2.207s] byte-compiling /home/unitree/unitree_converse/install/g1_voice/lib/python3.8/site-packages/g1_voice/stt_node_v1.py to stt_node_v1.cpython-38.pyc
[2.208s] Sorry: TabError: inconsistent use of tabs and spaces in indentation (stt_node_v1.py, line 50)
[2.208s] byte-compiling /home/unitree/unitree_converse/install/g1_voice/lib/python3.8/site-packages/g1_voice/tts_node.py to tts_node.cpython-38.pyc
[2.209s] byte-compiling /home/unitree/unitree_converse/install/g1_voice/lib/python3.8/site-packages/g1_voice/__init__.py to __init__.cpython-38.pyc
[2.210s] byte-compiling /home/unitree/unitree_converse/install/g1_voice/lib/python3.8/site-packages/g1_voice/wake_word_node.py to wake_word_node.cpython-38.pyc
[2.211s] running install_data
[2.211s] copying resource/g1_voice -> /home/unitree/unitree_converse/install/g1_voice/share/ament_index/resource_index/packages
[2.211s] copying package.xml -> /home/unitree/unitree_converse/install/g1_voice/share/g1_voice
[2.212s] copying launch/voice_real.launch.py -> /home/unitree/unitree_converse/install/g1_voice/share/g1_voice/launch
[2.212s] copying launch/voice_sim.launch.py -> /home/unitree/unitree_converse/install/g1_voice/share/g1_voice/launch
[2.212s] copying config/voice_params.yaml -> /home/unitree/unitree_converse/install/g1_voice/share/g1_voice/config
[2.213s] copying config/voice_params_real.yaml -> /home/unitree/unitree_converse/install/g1_voice/share/g1_voice/config
[2.213s] running install_egg_info
[2.216s] Copying ../../build/g1_voice/g1_voice.egg-info to /home/unitree/unitree_converse/install/g1_voice/lib/python3.8/site-packages/g1_voice-0.0.0-py3.8.egg-info
[2.217s] running install_scripts
[2.245s] Installing action_dispatcher_node script to /home/unitree/unitree_converse/install/g1_voice/lib/g1_voice
[2.246s] Installing button_trigger_node script to /home/unitree/unitree_converse/install/g1_voice/lib/g1_voice
[2.246s] Installing robot_state_mock_node script to /home/unitree/unitree_converse/install/g1_voice/lib/g1_voice
[2.246s] Installing robot_state_node script to /home/unitree/unitree_converse/install/g1_voice/lib/g1_voice
[2.246s] Installing stt_node script to /home/unitree/unitree_converse/install/g1_voice/lib/g1_voice
[2.247s] Installing tts_node script to /home/unitree/unitree_converse/install/g1_voice/lib/g1_voice
[2.247s] Installing wake_word_node script to /home/unitree/unitree_converse/install/g1_voice/lib/g1_voice
[2.247s] writing list of installed files to '/home/unitree/unitree_converse/build/g1_voice/install.log'
[2.301s] Invoked command in '/home/unitree/unitree_converse/src/g1_voice' returned '0': AMENT_PREFIX_PATH=/home/unitree/unitree_converse/install/bob_llm:${AMENT_PREFIX_PATH} CMAKE_PREFIX_PATH=/home/unitree/unitree_converse/install/bob_llm PYTHONPATH=/home/unitree/unitree_converse/build/g1_voice/prefix_override:/usr/lib/python3/dist-packages/colcon_core/task/python/colcon_distutils_commands:/home/unitree/unitree_converse/install/g1_voice/lib/python3.8/site-packages:/home/unitree/unitree_converse/install/bob_llm/lib/python3.8/site-packages:${PYTHONPATH} /usr/bin/python3 -W ignore:setup.py install is deprecated setup.py egg_info --egg-base ../../build/g1_voice build --build-base /home/unitree/unitree_converse/build/g1_voice/build install --record /home/unitree/unitree_converse/build/g1_voice/install.log --single-version-externally-managed install_data --force
