[0.387s] [34mcolcon[0m [1;30mDEBUG[0m [32mCommand line arguments: ['/usr/bin/colcon', 'build', '--symlink-install'][0m
[0.387s] [34mcolcon[0m [1;30mDEBUG[0m [32mParsed command line arguments: Namespace(allow_overriding=[], ament_cmake_args=None, base_paths=['.'], build_base='build', catkin_cmake_args=None, catkin_skip_building_tests=False, cmake_args=None, cmake_clean_cache=False, cmake_clean_first=False, cmake_force_configure=False, cmake_target=None, cmake_target_skip_unavailable=False, continue_on_error=False, event_handlers=None, executor='parallel', ignore_user_meta=False, install_base='install', log_base=None, log_level=None, main=<bound method BuildVerb.main of <colcon_core.verb.build.BuildVerb object at 0xffffb0da7fa0>>, merge_install=False, metas=['./colcon.meta'], packages_above=None, packages_above_and_dependencies=None, packages_above_depth=None, packages_end=None, packages_ignore=None, packages_ignore_regex=None, packages_select=None, packages_select_build_failed=False, packages_select_by_dep=None, packages_select_regex=None, packages_select_test_failures=False, packages_skip=None, packages_skip_build_finished=False, packages_skip_by_dep=None, packages_skip_regex=None, packages_skip_test_passed=False, packages_skip_up_to=None, packages_start=None, packages_up_to=None, packages_up_to_regex=None, parallel_workers=8, paths=None, symlink_install=True, test_result_base=None, verb_extension=<colcon_core.verb.build.BuildVerb object at 0xffffb0da7fa0>, verb_name='build', verb_parser=<colcon_defaults.argument_parser.defaults.DefaultArgumentsDecorator object at 0xffffb0cbea30>)[0m
[0.622s] [34mcolcon.colcon_core.package_discovery[0m [1;30mLevel 1[0m discover_packages(colcon_meta) check parameters
[0.623s] [34mcolcon.colcon_core.package_discovery[0m [1;30mLevel 1[0m discover_packages(recursive) check parameters
[0.623s] [34mcolcon.colcon_core.package_discovery[0m [1;30mLevel 1[0m discover_packages(ignore) check parameters
[0.623s] [34mcolcon.colcon_core.package_discovery[0m [1;30mLevel 1[0m discover_packages(path) check parameters
[0.623s] [34mcolcon.colcon_core.package_discovery[0m [1;30mLevel 1[0m discover_packages(colcon_meta) discover
[0.623s] [34mcolcon.colcon_core.package_discovery[0m [1;30mLevel 1[0m discover_packages(recursive) discover
[0.623s] [34mcolcon.colcon_core.package_discovery[0m [1;30mINFO[0m Crawling recursively for packages in '/home/unitree/unitree_converse'
[0.624s] [34mcolcon.colcon_core.package_identification[0m [1;30mLevel 1[0m _identify(.) by extensions ['ignore', 'ignore_ament_install']
[0.624s] [34mcolcon.colcon_core.package_identification[0m [1;30mLevel 1[0m _identify(.) by extension 'ignore'
[0.624s] [34mcolcon.colcon_core.package_identification[0m [1;30mLevel 1[0m _identify(.) by extension 'ignore_ament_install'
[0.624s] [34mcolcon.colcon_core.package_identification[0m [1;30mLevel 1[0m _identify(.) by extensions ['colcon_pkg']
[0.624s] [34mcolcon.colcon_core.package_identification[0m [1;30mLevel 1[0m _identify(.) by extension 'colcon_pkg'
[0.624s] [34mcolcon.colcon_core.package_identification[0m [1;30mLevel 1[0m _identify(.) by extensions ['colcon_meta']
[0.624s] [34mcolcon.colcon_core.package_identification[0m [1;30mLevel 1[0m _identify(.) by extension 'colcon_meta'
[0.624s] [34mcolcon.colcon_core.package_identification[0m [1;30mLevel 1[0m _identify(.) by extensions ['ros']
[0.624s] [34mcolcon.colcon_core.package_identification[0m [1;30mLevel 1[0m _identify(.) by extension 'ros'
[0.641s] [34mcolcon.colcon_core.package_identification[0m [1;30mLevel 1[0m _identify(.) by extensions ['cmake', 'python']
[0.641s] [34mcolcon.colcon_core.package_identification[0m [1;30mLevel 1[0m _identify(.) by extension 'cmake'
[0.642s] [34mcolcon.colcon_core.package_identification[0m [1;30mLevel 1[0m _identify(.) by extension 'python'
[0.642s] [34mcolcon.colcon_core.package_identification[0m [1;30mLevel 1[0m _identify(.) by extensions ['python_setup_py']
[0.642s] [34mcolcon.colcon_core.package_identification[0m [1;30mLevel 1[0m _identify(.) by extension 'python_setup_py'
[0.642s] [34mcolcon.colcon_core.package_identification[0m [1;30mLevel 1[0m _identify(build) by extensions ['ignore', 'ignore_ament_install']
[0.642s] [34mcolcon.colcon_core.package_identification[0m [1;30mLevel 1[0m _identify(build) by extension 'ignore'
[0.642s] [34mcolcon.colcon_core.package_identification[0m [1;30mLevel 1[0m _identify(build) ignored
[0.643s] [34mcolcon.colcon_core.package_identification[0m [1;30mLevel 1[0m _identify(install) by extensions ['ignore', 'ignore_ament_install']
[0.643s] [34mcolcon.colcon_core.package_identification[0m [1;30mLevel 1[0m _identify(install) by extension 'ignore'
[0.643s] [34mcolcon.colcon_core.package_identification[0m [1;30mLevel 1[0m _identify(install) ignored
[0.643s] [34mcolcon.colcon_core.package_identification[0m [1;30mLevel 1[0m _identify(log) by extensions ['ignore', 'ignore_ament_install']
[0.643s] [34mcolcon.colcon_core.package_identification[0m [1;30mLevel 1[0m _identify(log) by extension 'ignore'
[0.643s] [34mcolcon.colcon_core.package_identification[0m [1;30mLevel 1[0m _identify(log) ignored
[0.643s] [34mcolcon.colcon_core.package_identification[0m [1;30mLevel 1[0m _identify(src) by extensions ['ignore', 'ignore_ament_install']
[0.643s] [34mcolcon.colcon_core.package_identification[0m [1;30mLevel 1[0m _identify(src) by extension 'ignore'
[0.643s] [34mcolcon.colcon_core.package_identification[0m [1;30mLevel 1[0m _identify(src) by extension 'ignore_ament_install'
[0.644s] [34mcolcon.colcon_core.package_identification[0m [1;30mLevel 1[0m _identify(src) by extensions ['colcon_pkg']
[0.644s] [34mcolcon.colcon_core.package_identification[0m [1;30mLevel 1[0m _identify(src) by extension 'colcon_pkg'
[0.644s] [34mcolcon.colcon_core.package_identification[0m [1;30mLevel 1[0m _identify(src) by extensions ['colcon_meta']
[0.644s] [34mcolcon.colcon_core.package_identification[0m [1;30mLevel 1[0m _identify(src) by extension 'colcon_meta'
[0.644s] [34mcolcon.colcon_core.package_identification[0m [1;30mLevel 1[0m _identify(src) by extensions ['ros']
[0.644s] [34mcolcon.colcon_core.package_identification[0m [1;30mLevel 1[0m _identify(src) by extension 'ros'
[0.644s] [34mcolcon.colcon_core.package_identification[0m [1;30mLevel 1[0m _identify(src) by extensions ['cmake', 'python']
[0.644s] [34mcolcon.colcon_core.package_identification[0m [1;30mLevel 1[0m _identify(src) by extension 'cmake'
[0.644s] [34mcolcon.colcon_core.package_identification[0m [1;30mLevel 1[0m _identify(src) by extension 'python'
[0.644s] [34mcolcon.colcon_core.package_identification[0m [1;30mLevel 1[0m _identify(src) by extensions ['python_setup_py']
[0.644s] [34mcolcon.colcon_core.package_identification[0m [1;30mLevel 1[0m _identify(src) by extension 'python_setup_py'
[0.644s] [34mcolcon.colcon_core.package_identification[0m [1;30mLevel 1[0m _identify(src/bob_llm) by extensions ['ignore', 'ignore_ament_install']
[0.645s] [34mcolcon.colcon_core.package_identification[0m [1;30mLevel 1[0m _identify(src/bob_llm) by extension 'ignore'
[0.645s] [34mcolcon.colcon_core.package_identification[0m [1;30mLevel 1[0m _identify(src/bob_llm) by extension 'ignore_ament_install'
[0.645s] [34mcolcon.colcon_core.package_identification[0m [1;30mLevel 1[0m _identify(src/bob_llm) by extensions ['colcon_pkg']
[0.645s] [34mcolcon.colcon_core.package_identification[0m [1;30mLevel 1[0m _identify(src/bob_llm) by extension 'colcon_pkg'
[0.645s] [34mcolcon.colcon_core.package_identification[0m [1;30mLevel 1[0m _identify(src/bob_llm) by extensions ['colcon_meta']
[0.645s] [34mcolcon.colcon_core.package_identification[0m [1;30mLevel 1[0m _identify(src/bob_llm) by extension 'colcon_meta'
[0.645s] [34mcolcon.colcon_core.package_identification[0m [1;30mLevel 1[0m _identify(src/bob_llm) by extensions ['ros']
[0.645s] [34mcolcon.colcon_core.package_identification[0m [1;30mLevel 1[0m _identify(src/bob_llm) by extension 'ros'
[0.649s] [34mcolcon.colcon_core.package_identification[0m [1;30mDEBUG[0m [32mPackage 'src/bob_llm' with type 'ros.ament_cmake' and name 'bob_llm'[0m
[0.650s] [34mcolcon.colcon_core.package_identification[0m [1;30mLevel 1[0m _identify(src/g1_voice) by extensions ['ignore', 'ignore_ament_install']
[0.650s] [34mcolcon.colcon_core.package_identification[0m [1;30mLevel 1[0m _identify(src/g1_voice) by extension 'ignore'
[0.650s] [34mcolcon.colcon_core.package_identification[0m [1;30mLevel 1[0m _identify(src/g1_voice) by extension 'ignore_ament_install'
[0.650s] [34mcolcon.colcon_core.package_identification[0m [1;30mLevel 1[0m _identify(src/g1_voice) by extensions ['colcon_pkg']
[0.650s] [34mcolcon.colcon_core.package_identification[0m [1;30mLevel 1[0m _identify(src/g1_voice) by extension 'colcon_pkg'
[0.650s] [34mcolcon.colcon_core.package_identification[0m [1;30mLevel 1[0m _identify(src/g1_voice) by extensions ['colcon_meta']
[0.650s] [34mcolcon.colcon_core.package_identification[0m [1;30mLevel 1[0m _identify(src/g1_voice) by extension 'colcon_meta'
[0.650s] [34mcolcon.colcon_core.package_identification[0m [1;30mLevel 1[0m _identify(src/g1_voice) by extensions ['ros']
[0.650s] [34mcolcon.colcon_core.package_identification[0m [1;30mLevel 1[0m _identify(src/g1_voice) by extension 'ros'
[0.652s] [34mcolcon.colcon_core.package_identification[0m [1;30mDEBUG[0m [32mPackage 'src/g1_voice' with type 'ros.ament_python' and name 'g1_voice'[0m
[0.652s] [34mcolcon.colcon_core.package_discovery[0m [1;30mLevel 1[0m discover_packages(recursive) using defaults
[0.652s] [34mcolcon.colcon_core.package_discovery[0m [1;30mLevel 1[0m discover_packages(ignore) discover
[0.652s] [34mcolcon.colcon_core.package_discovery[0m [1;30mLevel 1[0m discover_packages(ignore) using defaults
[0.652s] [34mcolcon.colcon_core.package_discovery[0m [1;30mLevel 1[0m discover_packages(path) discover
[0.652s] [34mcolcon.colcon_core.package_discovery[0m [1;30mLevel 1[0m discover_packages(path) using defaults
[0.680s] [34mcolcon.colcon_core.package_discovery[0m [1;30mLevel 1[0m discover_packages(prefix_path) check parameters
[0.680s] [34mcolcon.colcon_core.package_discovery[0m [1;30mLevel 1[0m discover_packages(prefix_path) discover
[0.683s] [34mcolcon.colcon_installed_package_information.package_discovery[0m [1;30mDEBUG[0m [32mFound 3 installed packages in /home/unitree/unitree_ros2/cyclonedds_ws/install[0m
[0.684s] [34mcolcon.colcon_installed_package_information.package_discovery[0m [1;30mDEBUG[0m [32mFound 2 installed packages in /home/unitree/cyclonedds_ws/install[0m
[0.686s] [34mcolcon.colcon_installed_package_information.package_discovery[0m [1;30mDEBUG[0m [32mFound 291 installed packages in /opt/ros/foxy[0m
[0.688s] [34mcolcon.colcon_core.package_discovery[0m [1;30mLevel 1[0m discover_packages(prefix_path) using defaults
[0.815s] [34mcolcon.colcon_core.verb[0m [1;30mLevel 5[0m set package 'bob_llm' build argument 'cmake_args' from command line to 'None'
[0.815s] [34mcolcon.colcon_core.verb[0m [1;30mLevel 5[0m set package 'bob_llm' build argument 'cmake_target' from command line to 'None'
[0.815s] [34mcolcon.colcon_core.verb[0m [1;30mLevel 5[0m set package 'bob_llm' build argument 'cmake_target_skip_unavailable' from command line to 'False'
[0.815s] [34mcolcon.colcon_core.verb[0m [1;30mLevel 5[0m set package 'bob_llm' build argument 'cmake_clean_cache' from command line to 'False'
[0.815s] [34mcolcon.colcon_core.verb[0m [1;30mLevel 5[0m set package 'bob_llm' build argument 'cmake_clean_first' from command line to 'False'
[0.815s] [34mcolcon.colcon_core.verb[0m [1;30mLevel 5[0m set package 'bob_llm' build argument 'cmake_force_configure' from command line to 'False'
[0.815s] [34mcolcon.colcon_core.verb[0m [1;30mLevel 5[0m set package 'bob_llm' build argument 'ament_cmake_args' from command line to 'None'
[0.815s] [34mcolcon.colcon_core.verb[0m [1;30mLevel 5[0m set package 'bob_llm' build argument 'catkin_cmake_args' from command line to 'None'
[0.815s] [34mcolcon.colcon_core.verb[0m [1;30mLevel 5[0m set package 'bob_llm' build argument 'catkin_skip_building_tests' from command line to 'False'
[0.815s] [34mcolcon.colcon_core.verb[0m [1;30mDEBUG[0m [32mBuilding package 'bob_llm' with the following arguments: {'ament_cmake_args': None, 'build_base': '/home/unitree/unitree_converse/build/bob_llm', 'catkin_cmake_args': None, 'catkin_skip_building_tests': False, 'cmake_args': None, 'cmake_clean_cache': False, 'cmake_clean_first': False, 'cmake_force_configure': False, 'cmake_target': None, 'cmake_target_skip_unavailable': False, 'install_base': '/home/unitree/unitree_converse/install/bob_llm', 'merge_install': False, 'path': '/home/unitree/unitree_converse/src/bob_llm', 'symlink_install': True, 'test_result_base': None}[0m
[0.816s] [34mcolcon.colcon_core.verb[0m [1;30mLevel 5[0m set package 'g1_voice' build argument 'cmake_args' from command line to 'None'
[0.816s] [34mcolcon.colcon_core.verb[0m [1;30mLevel 5[0m set package 'g1_voice' build argument 'cmake_target' from command line to 'None'
[0.816s] [34mcolcon.colcon_core.verb[0m [1;30mLevel 5[0m set package 'g1_voice' build argument 'cmake_target_skip_unavailable' from command line to 'False'
[0.816s] [34mcolcon.colcon_core.verb[0m [1;30mLevel 5[0m set package 'g1_voice' build argument 'cmake_clean_cache' from command line to 'False'
[0.816s] [34mcolcon.colcon_core.verb[0m [1;30mLevel 5[0m set package 'g1_voice' build argument 'cmake_clean_first' from command line to 'False'
[0.816s] [34mcolcon.colcon_core.verb[0m [1;30mLevel 5[0m set package 'g1_voice' build argument 'cmake_force_configure' from command line to 'False'
[0.816s] [34mcolcon.colcon_core.verb[0m [1;30mLevel 5[0m set package 'g1_voice' build argument 'ament_cmake_args' from command line to 'None'
[0.816s] [34mcolcon.colcon_core.verb[0m [1;30mLevel 5[0m set package 'g1_voice' build argument 'catkin_cmake_args' from command line to 'None'
[0.816s] [34mcolcon.colcon_core.verb[0m [1;30mLevel 5[0m set package 'g1_voice' build argument 'catkin_skip_building_tests' from command line to 'False'
[0.816s] [34mcolcon.colcon_core.verb[0m [1;30mDEBUG[0m [32mBuilding package 'g1_voice' with the following arguments: {'ament_cmake_args': None, 'build_base': '/home/unitree/unitree_converse/build/g1_voice', 'catkin_cmake_args': None, 'catkin_skip_building_tests': False, 'cmake_args': None, 'cmake_clean_cache': False, 'cmake_clean_first': False, 'cmake_force_configure': False, 'cmake_target': None, 'cmake_target_skip_unavailable': False, 'install_base': '/home/unitree/unitree_converse/install/g1_voice', 'merge_install': False, 'path': '/home/unitree/unitree_converse/src/g1_voice', 'symlink_install': True, 'test_result_base': None}[0m
[0.817s] [34mcolcon.colcon_core.executor[0m [1;30mINFO[0m Executing jobs using 'parallel' executor
[0.819s] [34mcolcon.colcon_parallel_executor.executor.parallel[0m [1;30mDEBUG[0m [32mrun_until_complete[0m
[0.821s] [34mcolcon.colcon_ros.task.ament_cmake.build[0m [1;30mINFO[0m Building ROS package in '/home/unitree/unitree_converse/src/bob_llm' with build type 'ament_cmake'
[0.821s] [34mcolcon.colcon_cmake.task.cmake.build[0m [1;30mINFO[0m Building CMake package in '/home/unitree/unitree_converse/src/bob_llm'
[0.824s] [34mcolcon.colcon_core.plugin_system[0m [1;30mINFO[0m Skipping extension 'colcon_core.shell.bat': Not used on non-Windows systems
[0.825s] [34mcolcon.colcon_core.shell[0m [1;30mINFO[0m Skip shell extension 'powershell' for command environment: Not usable outside of PowerShell
[0.825s] [34mcolcon.colcon_core.shell[0m [1;30mDEBUG[0m [32mSkip shell extension 'dsv' for command environment[0m
[0.848s] [34mcolcon.colcon_core.event_handler.log_command[0m [1;30mDEBUG[0m [32mInvoking command in '/home/unitree/unitree_converse/build/bob_llm': CMAKE_PREFIX_PATH=${CMAKE_PREFIX_PATH}:/opt/ros/foxy /usr/bin/cmake --build /home/unitree/unitree_converse/build/bob_llm -- -j8 -l8[0m
[0.933s] [34mcolcon.colcon_core.event_handler.log_command[0m [1;30mDEBUG[0m [32mInvoked command in '/home/unitree/unitree_converse/build/bob_llm' returned '0': CMAKE_PREFIX_PATH=${CMAKE_PREFIX_PATH}:/opt/ros/foxy /usr/bin/cmake --build /home/unitree/unitree_converse/build/bob_llm -- -j8 -l8[0m
[1.004s] [34mcolcon.colcon_core.event_handler.log_command[0m [1;30mDEBUG[0m [32mInvoking command in '/home/unitree/unitree_converse/build/bob_llm': CMAKE_PREFIX_PATH=${CMAKE_PREFIX_PATH}:/opt/ros/foxy /usr/bin/cmake --install /home/unitree/unitree_converse/build/bob_llm[0m
[1.110s] [34mcolcon.colcon_core.environment[0m [1;30mLevel 1[0m create_environment_scripts_only(bob_llm)
[1.113s] [34mcolcon.colcon_core.event_handler.log_command[0m [1;30mDEBUG[0m [32mInvoked command in '/home/unitree/unitree_converse/build/bob_llm' returned '0': CMAKE_PREFIX_PATH=${CMAKE_PREFIX_PATH}:/opt/ros/foxy /usr/bin/cmake --install /home/unitree/unitree_converse/build/bob_llm[0m
[1.123s] [34mcolcon.colcon_core.environment[0m [1;30mLevel 1[0m checking '/home/unitree/unitree_converse/install/bob_llm' for CMake module files
[1.125s] [34mcolcon.colcon_core.environment[0m [1;30mLevel 1[0m checking '/home/unitree/unitree_converse/install/bob_llm' for CMake config files
[1.126s] [34mcolcon.colcon_core.shell[0m [1;30mLevel 1[0m create_environment_hook('bob_llm', 'cmake_prefix_path')
[1.127s] [34mcolcon.colcon_core.shell[0m [1;30mINFO[0m Creating environment hook '/home/unitree/unitree_converse/install/bob_llm/share/bob_llm/hook/cmake_prefix_path.ps1'
[1.130s] [34mcolcon.colcon_core.shell[0m [1;30mINFO[0m Creating environment descriptor '/home/unitree/unitree_converse/install/bob_llm/share/bob_llm/hook/cmake_prefix_path.dsv'
[1.131s] [34mcolcon.colcon_core.shell[0m [1;30mINFO[0m Creating environment hook '/home/unitree/unitree_converse/install/bob_llm/share/bob_llm/hook/cmake_prefix_path.sh'
[1.135s] [34mcolcon.colcon_core.environment[0m [1;30mLevel 1[0m checking '/home/unitree/unitree_converse/install/bob_llm/lib'
[1.135s] [34mcolcon.colcon_core.environment[0m [1;30mLevel 1[0m checking '/home/unitree/unitree_converse/install/bob_llm/bin'
[1.136s] [34mcolcon.colcon_core.environment[0m [1;30mLevel 1[0m checking '/home/unitree/unitree_converse/install/bob_llm/lib/pkgconfig/bob_llm.pc'
[1.137s] [34mcolcon.colcon_core.environment[0m [1;30mLevel 1[0m checking '/home/unitree/unitree_converse/install/bob_llm/lib/python3.8/site-packages'
[1.137s] [34mcolcon.colcon_core.shell[0m [1;30mLevel 1[0m create_environment_hook('bob_llm', 'pythonpath')
[1.138s] [34mcolcon.colcon_core.shell[0m [1;30mINFO[0m Creating environment hook '/home/unitree/unitree_converse/install/bob_llm/share/bob_llm/hook/pythonpath.ps1'
[1.139s] [34mcolcon.colcon_core.shell[0m [1;30mINFO[0m Creating environment descriptor '/home/unitree/unitree_converse/install/bob_llm/share/bob_llm/hook/pythonpath.dsv'
[1.140s] [34mcolcon.colcon_core.shell[0m [1;30mINFO[0m Creating environment hook '/home/unitree/unitree_converse/install/bob_llm/share/bob_llm/hook/pythonpath.sh'
[1.142s] [34mcolcon.colcon_core.environment[0m [1;30mLevel 1[0m checking '/home/unitree/unitree_converse/install/bob_llm/bin'
[1.143s] [34mcolcon.colcon_core.shell[0m [1;30mINFO[0m Creating package script '/home/unitree/unitree_converse/install/bob_llm/share/bob_llm/package.ps1'
[1.145s] [34mcolcon.colcon_core.shell[0m [1;30mINFO[0m Creating package descriptor '/home/unitree/unitree_converse/install/bob_llm/share/bob_llm/package.dsv'
[1.147s] [34mcolcon.colcon_core.shell[0m [1;30mINFO[0m Creating package script '/home/unitree/unitree_converse/install/bob_llm/share/bob_llm/package.sh'
[1.149s] [34mcolcon.colcon_core.shell[0m [1;30mINFO[0m Creating package script '/home/unitree/unitree_converse/install/bob_llm/share/bob_llm/package.bash'
[1.150s] [34mcolcon.colcon_core.shell[0m [1;30mINFO[0m Creating package script '/home/unitree/unitree_converse/install/bob_llm/share/bob_llm/package.zsh'
[1.152s] [34mcolcon.colcon_core.environment[0m [1;30mLevel 1[0m create_file_with_runtime_dependencies(/home/unitree/unitree_converse/install/bob_llm/share/colcon-core/packages/bob_llm)
[1.195s] [34mcolcon.colcon_core.environment[0m [1;30mLevel 1[0m create_environment_scripts_only(bob_llm)
[1.196s] [34mcolcon.colcon_core.environment[0m [1;30mLevel 1[0m checking '/home/unitree/unitree_converse/install/bob_llm' for CMake module files
[1.196s] [34mcolcon.colcon_core.environment[0m [1;30mLevel 1[0m checking '/home/unitree/unitree_converse/install/bob_llm' for CMake config files
[1.198s] [34mcolcon.colcon_core.shell[0m [1;30mLevel 1[0m create_environment_hook('bob_llm', 'cmake_prefix_path')
[1.199s] [34mcolcon.colcon_core.shell[0m [1;30mINFO[0m Creating environment hook '/home/unitree/unitree_converse/install/bob_llm/share/bob_llm/hook/cmake_prefix_path.ps1'
[1.200s] [34mcolcon.colcon_core.shell[0m [1;30mINFO[0m Creating environment descriptor '/home/unitree/unitree_converse/install/bob_llm/share/bob_llm/hook/cmake_prefix_path.dsv'
[1.201s] [34mcolcon.colcon_core.shell[0m [1;30mINFO[0m Creating environment hook '/home/unitree/unitree_converse/install/bob_llm/share/bob_llm/hook/cmake_prefix_path.sh'
[1.203s] [34mcolcon.colcon_core.environment[0m [1;30mLevel 1[0m checking '/home/unitree/unitree_converse/install/bob_llm/lib'
[1.203s] [34mcolcon.colcon_core.environment[0m [1;30mLevel 1[0m checking '/home/unitree/unitree_converse/install/bob_llm/bin'
[1.203s] [34mcolcon.colcon_core.environment[0m [1;30mLevel 1[0m checking '/home/unitree/unitree_converse/install/bob_llm/lib/pkgconfig/bob_llm.pc'
[1.204s] [34mcolcon.colcon_core.environment[0m [1;30mLevel 1[0m checking '/home/unitree/unitree_converse/install/bob_llm/lib/python3.8/site-packages'
[1.204s] [34mcolcon.colcon_core.shell[0m [1;30mLevel 1[0m create_environment_hook('bob_llm', 'pythonpath')
[1.205s] [34mcolcon.colcon_core.shell[0m [1;30mINFO[0m Creating environment hook '/home/unitree/unitree_converse/install/bob_llm/share/bob_llm/hook/pythonpath.ps1'
[1.206s] [34mcolcon.colcon_core.shell[0m [1;30mINFO[0m Creating environment descriptor '/home/unitree/unitree_converse/install/bob_llm/share/bob_llm/hook/pythonpath.dsv'
[1.207s] [34mcolcon.colcon_core.shell[0m [1;30mINFO[0m Creating environment hook '/home/unitree/unitree_converse/install/bob_llm/share/bob_llm/hook/pythonpath.sh'
[1.208s] [34mcolcon.colcon_core.environment[0m [1;30mLevel 1[0m checking '/home/unitree/unitree_converse/install/bob_llm/bin'
[1.209s] [34mcolcon.colcon_core.shell[0m [1;30mINFO[0m Creating package script '/home/unitree/unitree_converse/install/bob_llm/share/bob_llm/package.ps1'
[1.210s] [34mcolcon.colcon_core.shell[0m [1;30mINFO[0m Creating package descriptor '/home/unitree/unitree_converse/install/bob_llm/share/bob_llm/package.dsv'
[1.211s] [34mcolcon.colcon_core.shell[0m [1;30mINFO[0m Creating package script '/home/unitree/unitree_converse/install/bob_llm/share/bob_llm/package.sh'
[1.212s] [34mcolcon.colcon_core.shell[0m [1;30mINFO[0m Creating package script '/home/unitree/unitree_converse/install/bob_llm/share/bob_llm/package.bash'
[1.213s] [34mcolcon.colcon_core.shell[0m [1;30mINFO[0m Creating package script '/home/unitree/unitree_converse/install/bob_llm/share/bob_llm/package.zsh'
[1.214s] [34mcolcon.colcon_core.environment[0m [1;30mLevel 1[0m create_file_with_runtime_dependencies(/home/unitree/unitree_converse/install/bob_llm/share/colcon-core/packages/bob_llm)
[1.215s] [34mcolcon.colcon_ros.task.ament_python.build[0m [1;30mINFO[0m Building ROS package in '/home/unitree/unitree_converse/src/g1_voice' with build type 'ament_python'
[1.215s] [34mcolcon.colcon_core.shell[0m [1;30mLevel 1[0m create_environment_hook('g1_voice', 'ament_prefix_path')
[1.216s] [34mcolcon.colcon_core.shell[0m [1;30mINFO[0m Creating environment hook '/home/unitree/unitree_converse/install/g1_voice/share/g1_voice/hook/ament_prefix_path.ps1'
[1.217s] [34mcolcon.colcon_core.shell[0m [1;30mINFO[0m Creating environment descriptor '/home/unitree/unitree_converse/install/g1_voice/share/g1_voice/hook/ament_prefix_path.dsv'
[1.218s] [34mcolcon.colcon_core.shell[0m [1;30mINFO[0m Creating environment hook '/home/unitree/unitree_converse/install/g1_voice/share/g1_voice/hook/ament_prefix_path.sh'
[1.219s] [34mcolcon.colcon_core.shell[0m [1;30mINFO[0m Skip shell extension 'powershell' for command environment: Not usable outside of PowerShell
[1.219s] [34mcolcon.colcon_core.shell[0m [1;30mDEBUG[0m [32mSkip shell extension 'dsv' for command environment[0m
[1.634s] [34mcolcon.colcon_core.task.python.build[0m [1;30mINFO[0m Building Python package in '/home/unitree/unitree_converse/src/g1_voice'
[1.635s] [34mcolcon.colcon_core.shell[0m [1;30mINFO[0m Skip shell extension 'powershell' for command environment: Not usable outside of PowerShell
[1.635s] [34mcolcon.colcon_core.shell[0m [1;30mDEBUG[0m [32mSkip shell extension 'dsv' for command environment[0m
[2.379s] [34mcolcon.colcon_core.event_handler.log_command[0m [1;30mDEBUG[0m [32mInvoking command in '/home/unitree/unitree_converse/build/g1_voice': AMENT_PREFIX_PATH=/home/unitree/unitree_converse/install/bob_llm:${AMENT_PREFIX_PATH} CMAKE_PREFIX_PATH=/home/unitree/unitree_converse/install/bob_llm:${CMAKE_PREFIX_PATH} PYTHONPATH=/home/unitree/unitree_converse/build/g1_voice/prefix_override:/usr/lib/python3/dist-packages/colcon_core/task/python/colcon_distutils_commands:/home/unitree/unitree_converse/install/g1_voice/lib/python3.8/site-packages:/home/unitree/unitree_converse/install/bob_llm/lib/python3.8/site-packages:${PYTHONPATH} /usr/bin/python3 -W ignore:setup.py install is deprecated setup.py develop --editable --build-directory /home/unitree/unitree_converse/build/g1_voice/build --no-deps symlink_data[0m
[3.169s] [34mcolcon.colcon_core.shell[0m [1;30mLevel 1[0m create_environment_hook('g1_voice', 'pythonpath_develop')
[3.171s] [34mcolcon.colcon_core.shell[0m [1;30mINFO[0m Creating environment hook '/home/unitree/unitree_converse/build/g1_voice/share/g1_voice/hook/pythonpath_develop.ps1'
[3.172s] [34mcolcon.colcon_core.event_handler.log_command[0m [1;30mDEBUG[0m [32mInvoked command in '/home/unitree/unitree_converse/build/g1_voice' returned '0': AMENT_PREFIX_PATH=/home/unitree/unitree_converse/install/bob_llm:${AMENT_PREFIX_PATH} CMAKE_PREFIX_PATH=/home/unitree/unitree_converse/install/bob_llm:${CMAKE_PREFIX_PATH} PYTHONPATH=/home/unitree/unitree_converse/build/g1_voice/prefix_override:/usr/lib/python3/dist-packages/colcon_core/task/python/colcon_distutils_commands:/home/unitree/unitree_converse/install/g1_voice/lib/python3.8/site-packages:/home/unitree/unitree_converse/install/bob_llm/lib/python3.8/site-packages:${PYTHONPATH} /usr/bin/python3 -W ignore:setup.py install is deprecated setup.py develop --editable --build-directory /home/unitree/unitree_converse/build/g1_voice/build --no-deps symlink_data[0m
[3.174s] [34mcolcon.colcon_core.shell[0m [1;30mINFO[0m Creating environment descriptor '/home/unitree/unitree_converse/build/g1_voice/share/g1_voice/hook/pythonpath_develop.dsv'
[3.176s] [34mcolcon.colcon_core.shell[0m [1;30mINFO[0m Creating environment hook '/home/unitree/unitree_converse/build/g1_voice/share/g1_voice/hook/pythonpath_develop.sh'
[3.178s] [34mcolcon.colcon_core.environment[0m [1;30mLevel 1[0m checking '/home/unitree/unitree_converse/install/g1_voice' for CMake module files
[3.180s] [34mcolcon.colcon_core.environment[0m [1;30mLevel 1[0m checking '/home/unitree/unitree_converse/install/g1_voice' for CMake config files
[3.182s] [34mcolcon.colcon_core.environment[0m [1;30mLevel 1[0m checking '/home/unitree/unitree_converse/install/g1_voice/lib'
[3.182s] [34mcolcon.colcon_core.environment[0m [1;30mLevel 1[0m checking '/home/unitree/unitree_converse/install/g1_voice/bin'
[3.183s] [34mcolcon.colcon_core.environment[0m [1;30mLevel 1[0m checking '/home/unitree/unitree_converse/install/g1_voice/lib/pkgconfig/g1_voice.pc'
[3.184s] [34mcolcon.colcon_core.environment[0m [1;30mLevel 1[0m checking '/home/unitree/unitree_converse/install/g1_voice/lib/python3.8/site-packages'
[3.184s] [34mcolcon.colcon_core.shell[0m [1;30mLevel 1[0m create_environment_hook('g1_voice', 'pythonpath')
[3.185s] [34mcolcon.colcon_core.shell[0m [1;30mINFO[0m Creating environment hook '/home/unitree/unitree_converse/install/g1_voice/share/g1_voice/hook/pythonpath.ps1'
[3.186s] [34mcolcon.colcon_core.shell[0m [1;30mINFO[0m Creating environment descriptor '/home/unitree/unitree_converse/install/g1_voice/share/g1_voice/hook/pythonpath.dsv'
[3.187s] [34mcolcon.colcon_core.shell[0m [1;30mINFO[0m Creating environment hook '/home/unitree/unitree_converse/install/g1_voice/share/g1_voice/hook/pythonpath.sh'
[3.189s] [34mcolcon.colcon_core.environment[0m [1;30mLevel 1[0m checking '/home/unitree/unitree_converse/install/g1_voice/bin'
[3.189s] [34mcolcon.colcon_core.environment[0m [1;30mLevel 1[0m create_environment_scripts_only(g1_voice)
[3.190s] [34mcolcon.colcon_core.shell[0m [1;30mINFO[0m Creating package script '/home/unitree/unitree_converse/install/g1_voice/share/g1_voice/package.ps1'
[3.192s] [34mcolcon.colcon_core.shell[0m [1;30mINFO[0m Creating package descriptor '/home/unitree/unitree_converse/install/g1_voice/share/g1_voice/package.dsv'
[3.193s] [34mcolcon.colcon_core.shell[0m [1;30mINFO[0m Creating package script '/home/unitree/unitree_converse/install/g1_voice/share/g1_voice/package.sh'
[3.195s] [34mcolcon.colcon_core.shell[0m [1;30mINFO[0m Creating package script '/home/unitree/unitree_converse/install/g1_voice/share/g1_voice/package.bash'
[3.196s] [34mcolcon.colcon_core.shell[0m [1;30mINFO[0m Creating package script '/home/unitree/unitree_converse/install/g1_voice/share/g1_voice/package.zsh'
[3.197s] [34mcolcon.colcon_core.environment[0m [1;30mLevel 1[0m create_file_with_runtime_dependencies(/home/unitree/unitree_converse/install/g1_voice/share/colcon-core/packages/g1_voice)
[3.198s] [34mcolcon.colcon_parallel_executor.executor.parallel[0m [1;30mDEBUG[0m [32mclosing loop[0m
[3.198s] [34mcolcon.colcon_parallel_executor.executor.parallel[0m [1;30mDEBUG[0m [32mloop closed[0m
[3.199s] [34mcolcon.colcon_parallel_executor.executor.parallel[0m [1;30mDEBUG[0m [32mrun_until_complete finished with '0'[0m
[3.199s] [34mcolcon.colcon_core.event_reactor[0m [1;30mDEBUG[0m [32mjoining thread[0m
[3.213s] [34mcolcon.colcon_core.plugin_system[0m [1;30mINFO[0m Skipping extension 'colcon_notification.desktop_notification.terminal_notifier': Not used on non-Darwin systems
[3.213s] [34mcolcon.colcon_core.plugin_system[0m [1;30mINFO[0m Skipping extension 'colcon_notification.desktop_notification.win32': Not used on non-Windows systems
[3.213s] [34mcolcon.colcon_notification.desktop_notification[0m [1;30mINFO[0m Sending desktop notification using 'notify2'
[3.235s] [34mcolcon.colcon_notification.desktop_notification.notify2[0m [1;30mDEBUG[0m [32mFailed to initialize notify2: org.freedesktop.DBus.Error.Spawn.ChildExited: Process org.freedesktop.Notifications exited with status 1[0m
[3.235s] [34mcolcon.colcon_core.event_reactor[0m [1;30mDEBUG[0m [32mjoined thread[0m
[3.236s] [34mcolcon.colcon_core.shell[0m [1;30mINFO[0m Creating prefix script '/home/unitree/unitree_converse/install/local_setup.ps1'
[3.240s] [34mcolcon.colcon_core.shell[0m [1;30mINFO[0m Creating prefix util module '/home/unitree/unitree_converse/install/_local_setup_util_ps1.py'
[3.244s] [34mcolcon.colcon_core.shell[0m [1;30mINFO[0m Creating prefix chain script '/home/unitree/unitree_converse/install/setup.ps1'
[3.248s] [34mcolcon.colcon_core.shell[0m [1;30mINFO[0m Creating prefix script '/home/unitree/unitree_converse/install/local_setup.sh'
[3.250s] [34mcolcon.colcon_core.shell[0m [1;30mINFO[0m Creating prefix util module '/home/unitree/unitree_converse/install/_local_setup_util_sh.py'
[3.251s] [34mcolcon.colcon_core.shell[0m [1;30mINFO[0m Creating prefix chain script '/home/unitree/unitree_converse/install/setup.sh'
[3.254s] [34mcolcon.colcon_core.shell[0m [1;30mINFO[0m Creating prefix script '/home/unitree/unitree_converse/install/local_setup.bash'
[3.255s] [34mcolcon.colcon_core.shell[0m [1;30mINFO[0m Creating prefix chain script '/home/unitree/unitree_converse/install/setup.bash'
[3.258s] [34mcolcon.colcon_core.shell[0m [1;30mINFO[0m Creating prefix script '/home/unitree/unitree_converse/install/local_setup.zsh'
[3.259s] [34mcolcon.colcon_core.shell[0m [1;30mINFO[0m Creating prefix chain script '/home/unitree/unitree_converse/install/setup.zsh'
