/home/unitree/unitree_converse/install/g1_voice/lib/python3.8/site-packages/g1_voice/stt_node.py
/home/unitree/unitree_converse/install/g1_voice/lib/python3.8/site-packages/g1_voice/action_dispatcher_node.py
/home/unitree/unitree_converse/install/g1_voice/lib/python3.8/site-packages/g1_voice/robot_state_node.py
/home/unitree/unitree_converse/install/g1_voice/lib/python3.8/site-packages/g1_voice/button_trigger_node.py
/home/unitree/unitree_converse/install/g1_voice/lib/python3.8/site-packages/g1_voice/stt_node_v1.py
/home/unitree/unitree_converse/install/g1_voice/lib/python3.8/site-packages/g1_voice/tts_node.py
/home/unitree/unitree_converse/install/g1_voice/lib/python3.8/site-packages/g1_voice/__init__.py
/home/unitree/unitree_converse/install/g1_voice/lib/python3.8/site-packages/g1_voice/wake_word_node.py
/home/unitree/unitree_converse/install/g1_voice/lib/python3.8/site-packages/g1_voice/__pycache__/stt_node.cpython-38.pyc
/home/unitree/unitree_converse/install/g1_voice/lib/python3.8/site-packages/g1_voice/__pycache__/action_dispatcher_node.cpython-38.pyc
/home/unitree/unitree_converse/install/g1_voice/lib/python3.8/site-packages/g1_voice/__pycache__/robot_state_node.cpython-38.pyc
/home/unitree/unitree_converse/install/g1_voice/lib/python3.8/site-packages/g1_voice/__pycache__/button_trigger_node.cpython-38.pyc
/home/unitree/unitree_converse/install/g1_voice/lib/python3.8/site-packages/g1_voice/__pycache__/stt_node_v1.cpython-38.pyc
/home/unitree/unitree_converse/install/g1_voice/lib/python3.8/site-packages/g1_voice/__pycache__/tts_node.cpython-38.pyc
/home/unitree/unitree_converse/install/g1_voice/lib/python3.8/site-packages/g1_voice/__pycache__/__init__.cpython-38.pyc
/home/unitree/unitree_converse/install/g1_voice/lib/python3.8/site-packages/g1_voice/__pycache__/wake_word_node.cpython-38.pyc
/home/unitree/unitree_converse/install/g1_voice/share/ament_index/resource_index/packages/g1_voice
/home/unitree/unitree_converse/install/g1_voice/share/g1_voice/package.xml
/home/unitree/unitree_converse/install/g1_voice/share/g1_voice/launch/voice_real.launch.py
/home/unitree/unitree_converse/install/g1_voice/share/g1_voice/launch/voice_sim.launch.py
/home/unitree/unitree_converse/install/g1_voice/share/g1_voice/config/voice_params.yaml
/home/unitree/unitree_converse/install/g1_voice/share/g1_voice/config/voice_params_real.yaml
/home/unitree/unitree_converse/install/g1_voice/lib/python3.8/site-packages/g1_voice-0.0.0-py3.8.egg-info/dependency_links.txt
/home/unitree/unitree_converse/install/g1_voice/lib/python3.8/site-packages/g1_voice-0.0.0-py3.8.egg-info/top_level.txt
/home/unitree/unitree_converse/install/g1_voice/lib/python3.8/site-packages/g1_voice-0.0.0-py3.8.egg-info/requires.txt
/home/unitree/unitree_converse/install/g1_voice/lib/python3.8/site-packages/g1_voice-0.0.0-py3.8.egg-info/entry_points.txt
/home/unitree/unitree_converse/install/g1_voice/lib/python3.8/site-packages/g1_voice-0.0.0-py3.8.egg-info/PKG-INFO
/home/unitree/unitree_converse/install/g1_voice/lib/python3.8/site-packages/g1_voice-0.0.0-py3.8.egg-info/zip-safe
/home/unitree/unitree_converse/install/g1_voice/lib/python3.8/site-packages/g1_voice-0.0.0-py3.8.egg-info/SOURCES.txt
/home/unitree/unitree_converse/install/g1_voice/lib/g1_voice/action_dispatcher_node
/home/unitree/unitree_converse/install/g1_voice/lib/g1_voice/button_trigger_node
/home/unitree/unitree_converse/install/g1_voice/lib/g1_voice/robot_state_mock_node
/home/unitree/unitree_converse/install/g1_voice/lib/g1_voice/robot_state_node
/home/unitree/unitree_converse/install/g1_voice/lib/g1_voice/stt_node
/home/unitree/unitree_converse/install/g1_voice/lib/g1_voice/tts_node
/home/unitree/unitree_converse/install/g1_voice/lib/g1_voice/wake_word_node
