[0.024s] Invoking command in '/home/unitree/unitree_converse/build/bob_llm': CMAKE_PREFIX_PATH=/opt/ros/foxy /usr/bin/cmake /home/unitree/unitree_converse/src/bob_llm -DCMAKE_INSTALL_PREFIX=/home/unitree/unitree_converse/install/bob_llm
[0.063s] -- Found ament_cmake: 0.9.12 (/opt/ros/foxy/share/ament_cmake/cmake)
[0.100s] -- Using PYTHON_EXECUTABLE: /usr/bin/python3
[0.386s] -- Override CMake install command with custom implementation using symlinks instead of copying resources
[0.407s] -- Found std_msgs: 2.0.5 (/opt/ros/foxy/share/std_msgs/cmake)
[0.444s] -- Using all available rosidl_typesupport_c: rosidl_typesupport_fastrtps_c;rosidl_typesupport_introspection_c
[0.450s] -- Found rosidl_adapter: 1.3.1 (/opt/ros/foxy/share/rosidl_adapter/cmake)
[0.647s] -- Using all available rosidl_typesupport_cpp: rosidl_typesupport_fastrtps_cpp;rosidl_typesupport_introspection_cpp
[0.714s] -- Found ament_lint_auto: 0.9.8 (/opt/ros/foxy/share/ament_lint_auto/cmake)
[0.824s] -- Added test 'copyright' to check source files copyright and LICENSE
[0.835s] -- Added test 'flake8' to check Python code syntax and style conventions
[0.837s] -- Added test 'lint_cmake' to check CMake code style
[0.838s] -- Added test 'pep257' to check Python code against some of the style conventions in PEP 257
[0.843s] -- Added test 'xmllint' to check XML markup files
[0.848s] -- Configuring done
[0.852s] -- Generating done
[0.854s] -- Build files have been written to: /home/unitree/unitree_converse/build/bob_llm
[0.869s] Invoked command in '/home/unitree/unitree_converse/build/bob_llm' returned '0': CMAKE_PREFIX_PATH=/opt/ros/foxy /usr/bin/cmake /home/unitree/unitree_converse/src/bob_llm -DCMAKE_INSTALL_PREFIX=/home/unitree/unitree_converse/install/bob_llm
[0.874s] Invoking command in '/home/unitree/unitree_converse/build/bob_llm': CMAKE_PREFIX_PATH=/opt/ros/foxy /usr/bin/cmake --build /home/unitree/unitree_converse/build/bob_llm -- -j8 -l8
[0.951s] Invoked command in '/home/unitree/unitree_converse/build/bob_llm' returned '0': CMAKE_PREFIX_PATH=/opt/ros/foxy /usr/bin/cmake --build /home/unitree/unitree_converse/build/bob_llm -- -j8 -l8
[1.008s] Invoking command in '/home/unitree/unitree_converse/build/bob_llm': CMAKE_PREFIX_PATH=/opt/ros/foxy /usr/bin/cmake --install /home/unitree/unitree_converse/build/bob_llm
[1.023s] -- Install configuration: ""
[1.024s] -- Execute custom install script
[1.025s] -- Up-to-date symlink: /home/unitree/unitree_converse/install/bob_llm/share/bob_llm/config/node_params.yaml
[1.025s] -- Up-to-date symlink: /home/unitree/unitree_converse/install/bob_llm/share/bob_llm/config/qdrant_tools.py
[1.026s] -- Up-to-date symlink: /home/unitree/unitree_converse/install/bob_llm/share/bob_llm/config/ros_cli_tools.py
[1.026s] -- Up-to-date symlink: /home/unitree/unitree_converse/install/bob_llm/share/bob_llm/config/skill_tools.py
[1.026s] -- Up-to-date symlink: /home/unitree/unitree_converse/install/bob_llm/share/bob_llm/config/skills/memory/SKILL.md
[1.027s] -- Up-to-date symlink: /home/unitree/unitree_converse/install/bob_llm/share/bob_llm/config/skills/memory/data/memory.json
[1.027s] -- Up-to-date symlink: /home/unitree/unitree_converse/install/bob_llm/share/bob_llm/config/skills/memory/scripts/save.py
[1.027s] -- Up-to-date symlink: /home/unitree/unitree_converse/install/bob_llm/share/bob_llm/config/skills/memory/scripts/search.py
[1.028s] -- Up-to-date symlink: /home/unitree/unitree_converse/install/bob_llm/share/bob_llm/environment/pythonpath.sh
[1.028s] -- Up-to-date symlink: /home/unitree/unitree_converse/install/bob_llm/share/bob_llm/environment/pythonpath.dsv
[1.029s] -- Up-to-date symlink: /home/unitree/unitree_converse/install/bob_llm/lib/python3.8/site-packages/bob_llm/__init__.py
[1.029s] -- Up-to-date symlink: /home/unitree/unitree_converse/install/bob_llm/lib/python3.8/site-packages/bob_llm/backend_clients.py
[1.030s] -- Up-to-date symlink: /home/unitree/unitree_converse/install/bob_llm/lib/python3.8/site-packages/bob_llm/chat_node.py
[1.030s] -- Up-to-date symlink: /home/unitree/unitree_converse/install/bob_llm/lib/python3.8/site-packages/bob_llm/llm_node.py
[1.031s] -- Up-to-date symlink: /home/unitree/unitree_converse/install/bob_llm/lib/python3.8/site-packages/bob_llm/setup.cfg
[1.031s] -- Up-to-date symlink: /home/unitree/unitree_converse/install/bob_llm/lib/python3.8/site-packages/bob_llm/tool_utils.py
[1.031s] -- Up-to-date symlink: /home/unitree/unitree_converse/install/bob_llm/lib/bob_llm/llm_node.py
[1.031s] -- Up-to-date symlink: /home/unitree/unitree_converse/install/bob_llm/lib/bob_llm/chat_node.py
[1.032s] -- Up-to-date symlink: /home/unitree/unitree_converse/install/bob_llm/share/ament_index/resource_index/package_run_dependencies/bob_llm
[1.032s] -- Up-to-date symlink: /home/unitree/unitree_converse/install/bob_llm/share/ament_index/resource_index/parent_prefix_path/bob_llm
[1.033s] -- Up-to-date symlink: /home/unitree/unitree_converse/install/bob_llm/share/bob_llm/environment/ament_prefix_path.sh
[1.033s] -- Up-to-date symlink: /home/unitree/unitree_converse/install/bob_llm/share/bob_llm/environment/ament_prefix_path.dsv
[1.033s] -- Up-to-date symlink: /home/unitree/unitree_converse/install/bob_llm/share/bob_llm/environment/path.sh
[1.034s] -- Up-to-date symlink: /home/unitree/unitree_converse/install/bob_llm/share/bob_llm/environment/path.dsv
[1.034s] -- Up-to-date symlink: /home/unitree/unitree_converse/install/bob_llm/share/bob_llm/local_setup.bash
[1.035s] -- Up-to-date symlink: /home/unitree/unitree_converse/install/bob_llm/share/bob_llm/local_setup.sh
[1.035s] -- Up-to-date symlink: /home/unitree/unitree_converse/install/bob_llm/share/bob_llm/local_setup.zsh
[1.035s] -- Up-to-date symlink: /home/unitree/unitree_converse/install/bob_llm/share/bob_llm/local_setup.dsv
[1.036s] -- Symlinking: /home/unitree/unitree_converse/install/bob_llm/share/bob_llm/package.dsv
[1.053s] -- Up-to-date symlink: /home/unitree/unitree_converse/install/bob_llm/share/ament_index/resource_index/packages/bob_llm
[1.053s] -- Up-to-date symlink: /home/unitree/unitree_converse/install/bob_llm/share/bob_llm/cmake/bob_llmConfig.cmake
[1.053s] -- Up-to-date symlink: /home/unitree/unitree_converse/install/bob_llm/share/bob_llm/cmake/bob_llmConfig-version.cmake
[1.054s] -- Up-to-date symlink: /home/unitree/unitree_converse/install/bob_llm/share/bob_llm/package.xml
[1.105s] Listing '/home/unitree/unitree_converse/install/bob_llm/lib/python3.8/site-packages/bob_llm'...
[1.117s] Invoked command in '/home/unitree/unitree_converse/build/bob_llm' returned '0': CMAKE_PREFIX_PATH=/opt/ros/foxy /usr/bin/cmake --install /home/unitree/unitree_converse/build/bob_llm
