[0.022s] Invoking command in '/home/unitree/unitree_converse/build/bob_llm': CMAKE_PREFIX_PATH=${CMAKE_PREFIX_PATH}:/home/unitree/unitree_converse/install/g1_voice:/opt/ros/foxy /usr/bin/cmake /home/unitree/unitree_converse/src/bob_llm -DAMENT_CMAKE_SYMLINK_INSTALL=1 -DCMAKE_INSTALL_PREFIX=/home/unitree/unitree_converse/install/bob_llm
[0.057s] -- Found ament_cmake: 0.9.12 (/opt/ros/foxy/share/ament_cmake/cmake)
[0.092s] -- Using PYTHON_EXECUTABLE: /usr/bin/python3
[0.380s] -- Override CMake install command with custom implementation using symlinks instead of copying resources
[0.390s] -- Found std_msgs: 2.0.5 (/opt/ros/foxy/share/std_msgs/cmake)
[0.420s] -- Using all available rosidl_typesupport_c: rosidl_typesupport_fastrtps_c;rosidl_typesupport_introspection_c
[0.424s] -- Found rosidl_adapter: 1.3.1 (/opt/ros/foxy/share/rosidl_adapter/cmake)
[0.626s] -- Using all available rosidl_typesupport_cpp: rosidl_typesupport_fastrtps_cpp;rosidl_typesupport_introspection_cpp
[0.703s] -- Found ament_lint_auto: 0.9.8 (/opt/ros/foxy/share/ament_lint_auto/cmake)
[0.833s] -- Added test 'copyright' to check source files copyright and LICENSE
[0.845s] -- Added test 'flake8' to check Python code syntax and style conventions
[0.847s] -- Added test 'lint_cmake' to check CMake code style
[0.848s] -- Added test 'pep257' to check Python code against some of the style conventions in PEP 257
[0.853s] -- Added test 'xmllint' to check XML markup files
[0.858s] -- Configuring done
[0.862s] -- Generating done
[0.864s] -- Build files have been written to: /home/unitree/unitree_converse/build/bob_llm
[0.878s] Invoked command in '/home/unitree/unitree_converse/build/bob_llm' returned '0': CMAKE_PREFIX_PATH=${CMAKE_PREFIX_PATH}:/home/unitree/unitree_converse/install/g1_voice:/opt/ros/foxy /usr/bin/cmake /home/unitree/unitree_converse/src/bob_llm -DAMENT_CMAKE_SYMLINK_INSTALL=1 -DCMAKE_INSTALL_PREFIX=/home/unitree/unitree_converse/install/bob_llm
[0.885s] Invoking command in '/home/unitree/unitree_converse/build/bob_llm': CMAKE_PREFIX_PATH=${CMAKE_PREFIX_PATH}:/home/unitree/unitree_converse/install/g1_voice:/opt/ros/foxy /usr/bin/cmake --build /home/unitree/unitree_converse/build/bob_llm -- -j8 -l8
[0.932s] -- Found ament_cmake: 0.9.12 (/opt/ros/foxy/share/ament_cmake/cmake)
[0.970s] -- Using PYTHON_EXECUTABLE: /usr/bin/python3
[1.259s] -- Override CMake install command with custom implementation using symlinks instead of copying resources
[1.270s] -- Found std_msgs: 2.0.5 (/opt/ros/foxy/share/std_msgs/cmake)
[1.303s] -- Using all available rosidl_typesupport_c: rosidl_typesupport_fastrtps_c;rosidl_typesupport_introspection_c
[1.308s] -- Found rosidl_adapter: 1.3.1 (/opt/ros/foxy/share/rosidl_adapter/cmake)
[1.502s] -- Using all available rosidl_typesupport_cpp: rosidl_typesupport_fastrtps_cpp;rosidl_typesupport_introspection_cpp
[1.563s] -- Found ament_lint_auto: 0.9.8 (/opt/ros/foxy/share/ament_lint_auto/cmake)
[1.669s] -- Added test 'copyright' to check source files copyright and LICENSE
[1.678s] -- Added test 'flake8' to check Python code syntax and style conventions
[1.679s] -- Added test 'lint_cmake' to check CMake code style
[1.680s] -- Added test 'pep257' to check Python code against some of the style conventions in PEP 257
[1.685s] -- Added test 'xmllint' to check XML markup files
[1.689s] -- Configuring done
[1.693s] -- Generating done
[1.695s] -- Build files have been written to: /home/unitree/unitree_converse/build/bob_llm
[1.751s] Invoked command in '/home/unitree/unitree_converse/build/bob_llm' returned '0': CMAKE_PREFIX_PATH=${CMAKE_PREFIX_PATH}:/home/unitree/unitree_converse/install/g1_voice:/opt/ros/foxy /usr/bin/cmake --build /home/unitree/unitree_converse/build/bob_llm -- -j8 -l8
[1.821s] Invoking command in '/home/unitree/unitree_converse/build/bob_llm': CMAKE_PREFIX_PATH=${CMAKE_PREFIX_PATH}:/home/unitree/unitree_converse/install/g1_voice:/opt/ros/foxy /usr/bin/cmake --install /home/unitree/unitree_converse/build/bob_llm
[1.838s] -- Install configuration: ""
[1.839s] -- Execute custom install script
[1.840s] -- Symlinking: /home/unitree/unitree_converse/install/bob_llm/share/bob_llm/config/node_params.yaml
[1.860s] -- Symlinking: /home/unitree/unitree_converse/install/bob_llm/share/bob_llm/config/qdrant_tools.py
[1.876s] -- Symlinking: /home/unitree/unitree_converse/install/bob_llm/share/bob_llm/config/ros_cli_tools.py
[1.893s] -- Symlinking: /home/unitree/unitree_converse/install/bob_llm/share/bob_llm/config/skill_tools.py
[1.910s] -- Symlinking: /home/unitree/unitree_converse/install/bob_llm/share/bob_llm/config/skills/memory/SKILL.md
[1.927s] -- Symlinking: /home/unitree/unitree_converse/install/bob_llm/share/bob_llm/config/skills/memory/data/memory.json
[1.944s] -- Symlinking: /home/unitree/unitree_converse/install/bob_llm/share/bob_llm/config/skills/memory/scripts/save.py
[1.963s] -- Symlinking: /home/unitree/unitree_converse/install/bob_llm/share/bob_llm/config/skills/memory/scripts/search.py
[1.982s] -- Symlinking: /home/unitree/unitree_converse/install/bob_llm/share/bob_llm/environment/pythonpath.sh
[2.000s] -- Symlinking: /home/unitree/unitree_converse/install/bob_llm/share/bob_llm/environment/pythonpath.dsv
[2.020s] -- Symlinking: /home/unitree/unitree_converse/install/bob_llm/lib/python3.8/site-packages/bob_llm/__init__.py
[2.039s] -- Symlinking: /home/unitree/unitree_converse/install/bob_llm/lib/python3.8/site-packages/bob_llm/backend_clients.py
[2.056s] -- Symlinking: /home/unitree/unitree_converse/install/bob_llm/lib/python3.8/site-packages/bob_llm/chat_node.py
[2.073s] -- Symlinking: /home/unitree/unitree_converse/install/bob_llm/lib/python3.8/site-packages/bob_llm/llm_node.py
[2.093s] -- Symlinking: /home/unitree/unitree_converse/install/bob_llm/lib/python3.8/site-packages/bob_llm/setup.cfg
[2.112s] -- Symlinking: /home/unitree/unitree_converse/install/bob_llm/lib/python3.8/site-packages/bob_llm/tool_utils.py
[2.132s] -- Symlinking: /home/unitree/unitree_converse/install/bob_llm/lib/bob_llm/llm_node.py
[2.150s] -- Symlinking: /home/unitree/unitree_converse/install/bob_llm/lib/bob_llm/chat_node.py
[2.168s] -- Symlinking: /home/unitree/unitree_converse/install/bob_llm/share/ament_index/resource_index/package_run_dependencies/bob_llm
[2.189s] -- Symlinking: /home/unitree/unitree_converse/install/bob_llm/share/ament_index/resource_index/parent_prefix_path/bob_llm
[2.207s] -- Symlinking: /home/unitree/unitree_converse/install/bob_llm/share/bob_llm/environment/ament_prefix_path.sh
[2.225s] -- Symlinking: /home/unitree/unitree_converse/install/bob_llm/share/bob_llm/environment/ament_prefix_path.dsv
[2.244s] -- Symlinking: /home/unitree/unitree_converse/install/bob_llm/share/bob_llm/environment/path.sh
[2.261s] -- Symlinking: /home/unitree/unitree_converse/install/bob_llm/share/bob_llm/environment/path.dsv
[2.280s] -- Symlinking: /home/unitree/unitree_converse/install/bob_llm/share/bob_llm/local_setup.bash
[2.298s] -- Symlinking: /home/unitree/unitree_converse/install/bob_llm/share/bob_llm/local_setup.sh
[2.317s] -- Symlinking: /home/unitree/unitree_converse/install/bob_llm/share/bob_llm/local_setup.zsh
[2.334s] -- Symlinking: /home/unitree/unitree_converse/install/bob_llm/share/bob_llm/local_setup.dsv
[2.351s] -- Symlinking: /home/unitree/unitree_converse/install/bob_llm/share/bob_llm/package.dsv
[2.369s] -- Symlinking: /home/unitree/unitree_converse/install/bob_llm/share/ament_index/resource_index/packages/bob_llm
[2.385s] -- Symlinking: /home/unitree/unitree_converse/install/bob_llm/share/bob_llm/cmake/bob_llmConfig.cmake
[2.403s] -- Symlinking: /home/unitree/unitree_converse/install/bob_llm/share/bob_llm/cmake/bob_llmConfig-version.cmake
[2.419s] -- Symlinking: /home/unitree/unitree_converse/install/bob_llm/share/bob_llm/package.xml
[2.494s] Listing '/home/unitree/unitree_converse/install/bob_llm/lib/python3.8/site-packages/bob_llm'...
[2.495s] Compiling '/home/unitree/unitree_converse/install/bob_llm/lib/python3.8/site-packages/bob_llm/__init__.py'...
[2.495s] Compiling '/home/unitree/unitree_converse/install/bob_llm/lib/python3.8/site-packages/bob_llm/backend_clients.py'...
[2.495s] Compiling '/home/unitree/unitree_converse/install/bob_llm/lib/python3.8/site-packages/bob_llm/chat_node.py'...
[2.495s] Compiling '/home/unitree/unitree_converse/install/bob_llm/lib/python3.8/site-packages/bob_llm/llm_node.py'...
[2.495s] Compiling '/home/unitree/unitree_converse/install/bob_llm/lib/python3.8/site-packages/bob_llm/tool_utils.py'...
[2.510s] Invoked command in '/home/unitree/unitree_converse/build/bob_llm' returned '0': CMAKE_PREFIX_PATH=${CMAKE_PREFIX_PATH}:/home/unitree/unitree_converse/install/g1_voice:/opt/ros/foxy /usr/bin/cmake --install /home/unitree/unitree_converse/build/bob_llm
