[0.027s] Invoking command in '/home/unitree/unitree_converse/build/bob_llm': CMAKE_PREFIX_PATH=${CMAKE_PREFIX_PATH}:/home/unitree/unitree_converse/install/g1_voice:/opt/ros/foxy /usr/bin/cmake --build /home/unitree/unitree_converse/build/bob_llm -- -j8 -l8
[0.071s] -- Found ament_cmake: 0.9.12 (/opt/ros/foxy/share/ament_cmake/cmake)
[0.116s] -- Using PYTHON_EXECUTABLE: /usr/bin/python3
[0.413s] -- Override CMake install command with custom implementation using symlinks instead of copying resources
[0.424s] -- Found std_msgs: 2.0.5 (/opt/ros/foxy/share/std_msgs/cmake)
[0.453s] -- Using all available rosidl_typesupport_c: rosidl_typesupport_fastrtps_c;rosidl_typesupport_introspection_c
[0.458s] -- Found rosidl_adapter: 1.3.1 (/opt/ros/foxy/share/rosidl_adapter/cmake)
[0.642s] -- Using all available rosidl_typesupport_cpp: rosidl_typesupport_fastrtps_cpp;rosidl_typesupport_introspection_cpp
[0.704s] -- Found ament_lint_auto: 0.9.8 (/opt/ros/foxy/share/ament_lint_auto/cmake)
[0.814s] -- Added test 'copyright' to check source files copyright and LICENSE
[0.824s] -- Added test 'flake8' to check Python code syntax and style conventions
[0.825s] -- Added test 'lint_cmake' to check CMake code style
[0.826s] -- Added test 'pep257' to check Python code against some of the style conventions in PEP 257
[0.831s] -- Added test 'xmllint' to check XML markup files
[0.836s] -- Configuring done
[0.839s] -- Generating done
[0.841s] -- Build files have been written to: /home/unitree/unitree_converse/build/bob_llm
[0.897s] Invoked command in '/home/unitree/unitree_converse/build/bob_llm' returned '0': CMAKE_PREFIX_PATH=${CMAKE_PREFIX_PATH}:/home/unitree/unitree_converse/install/g1_voice:/opt/ros/foxy /usr/bin/cmake --build /home/unitree/unitree_converse/build/bob_llm -- -j8 -l8
[0.966s] Invoking command in '/home/unitree/unitree_converse/build/bob_llm': CMAKE_PREFIX_PATH=${CMAKE_PREFIX_PATH}:/home/unitree/unitree_converse/install/g1_voice:/opt/ros/foxy /usr/bin/cmake --install /home/unitree/unitree_converse/build/bob_llm
[0.984s] -- Install configuration: ""
[0.985s] -- Execute custom install script
[0.986s] -- Up-to-date symlink: /home/unitree/unitree_converse/install/bob_llm/share/bob_llm/config/node_params.yaml
[0.986s] -- Up-to-date symlink: /home/unitree/unitree_converse/install/bob_llm/share/bob_llm/config/qdrant_tools.py
[0.987s] -- Up-to-date symlink: /home/unitree/unitree_converse/install/bob_llm/share/bob_llm/config/ros_cli_tools.py
[0.987s] -- Up-to-date symlink: /home/unitree/unitree_converse/install/bob_llm/share/bob_llm/config/skill_tools.py
[0.987s] -- Up-to-date symlink: /home/unitree/unitree_converse/install/bob_llm/share/bob_llm/config/skills/memory/SKILL.md
[0.987s] -- Up-to-date symlink: /home/unitree/unitree_converse/install/bob_llm/share/bob_llm/config/skills/memory/data/memory.json
[0.988s] -- Up-to-date symlink: /home/unitree/unitree_converse/install/bob_llm/share/bob_llm/config/skills/memory/scripts/save.py
[0.988s] -- Up-to-date symlink: /home/unitree/unitree_converse/install/bob_llm/share/bob_llm/config/skills/memory/scripts/search.py
[0.988s] -- Up-to-date symlink: /home/unitree/unitree_converse/install/bob_llm/share/bob_llm/environment/pythonpath.sh
[0.989s] -- Up-to-date symlink: /home/unitree/unitree_converse/install/bob_llm/share/bob_llm/environment/pythonpath.dsv
[0.990s] -- Up-to-date symlink: /home/unitree/unitree_converse/install/bob_llm/lib/python3.8/site-packages/bob_llm/__init__.py
[0.990s] -- Up-to-date symlink: /home/unitree/unitree_converse/install/bob_llm/lib/python3.8/site-packages/bob_llm/backend_clients.py
[0.990s] -- Up-to-date symlink: /home/unitree/unitree_converse/install/bob_llm/lib/python3.8/site-packages/bob_llm/chat_node.py
[0.990s] -- Up-to-date symlink: /home/unitree/unitree_converse/install/bob_llm/lib/python3.8/site-packages/bob_llm/llm_node.py
[0.991s] -- Up-to-date symlink: /home/unitree/unitree_converse/install/bob_llm/lib/python3.8/site-packages/bob_llm/setup.cfg
[0.991s] -- Up-to-date symlink: /home/unitree/unitree_converse/install/bob_llm/lib/python3.8/site-packages/bob_llm/tool_utils.py
[0.991s] -- Up-to-date symlink: /home/unitree/unitree_converse/install/bob_llm/lib/bob_llm/llm_node.py
[0.992s] -- Up-to-date symlink: /home/unitree/unitree_converse/install/bob_llm/lib/bob_llm/chat_node.py
[0.992s] -- Up-to-date symlink: /home/unitree/unitree_converse/install/bob_llm/share/ament_index/resource_index/package_run_dependencies/bob_llm
[0.993s] -- Up-to-date symlink: /home/unitree/unitree_converse/install/bob_llm/share/ament_index/resource_index/parent_prefix_path/bob_llm
[0.993s] -- Up-to-date symlink: /home/unitree/unitree_converse/install/bob_llm/share/bob_llm/environment/ament_prefix_path.sh
[0.994s] -- Up-to-date symlink: /home/unitree/unitree_converse/install/bob_llm/share/bob_llm/environment/ament_prefix_path.dsv
[0.994s] -- Up-to-date symlink: /home/unitree/unitree_converse/install/bob_llm/share/bob_llm/environment/path.sh
[0.995s] -- Up-to-date symlink: /home/unitree/unitree_converse/install/bob_llm/share/bob_llm/environment/path.dsv
[0.995s] -- Up-to-date symlink: /home/unitree/unitree_converse/install/bob_llm/share/bob_llm/local_setup.bash
[0.995s] -- Up-to-date symlink: /home/unitree/unitree_converse/install/bob_llm/share/bob_llm/local_setup.sh
[0.996s] -- Up-to-date symlink: /home/unitree/unitree_converse/install/bob_llm/share/bob_llm/local_setup.zsh
[0.996s] -- Up-to-date symlink: /home/unitree/unitree_converse/install/bob_llm/share/bob_llm/local_setup.dsv
[0.996s] -- Symlinking: /home/unitree/unitree_converse/install/bob_llm/share/bob_llm/package.dsv
[1.015s] -- Up-to-date symlink: /home/unitree/unitree_converse/install/bob_llm/share/ament_index/resource_index/packages/bob_llm
[1.015s] -- Up-to-date symlink: /home/unitree/unitree_converse/install/bob_llm/share/bob_llm/cmake/bob_llmConfig.cmake
[1.015s] -- Up-to-date symlink: /home/unitree/unitree_converse/install/bob_llm/share/bob_llm/cmake/bob_llmConfig-version.cmake
[1.015s] -- Up-to-date symlink: /home/unitree/unitree_converse/install/bob_llm/share/bob_llm/package.xml
[1.063s] Listing '/home/unitree/unitree_converse/install/bob_llm/lib/python3.8/site-packages/bob_llm'...
[1.077s] Invoked command in '/home/unitree/unitree_converse/build/bob_llm' returned '0': CMAKE_PREFIX_PATH=${CMAKE_PREFIX_PATH}:/home/unitree/unitree_converse/install/g1_voice:/opt/ros/foxy /usr/bin/cmake --install /home/unitree/unitree_converse/build/bob_llm
