[1.216s] Invoking command in '/home/unitree/unitree_converse/build/g1_voice': AMENT_PREFIX_PATH=/home/unitree/unitree_converse/install/bob_llm:${AMENT_PREFIX_PATH} CMAKE_PREFIX_PATH=/home/unitree/unitree_converse/install/bob_llm:${CMAKE_PREFIX_PATH} PYTHONPATH=/home/unitree/unitree_converse/build/g1_voice/prefix_override:/usr/lib/python3/dist-packages/colcon_core/task/python/colcon_distutils_commands:/home/unitree/unitree_converse/install/g1_voice/lib/python3.8/site-packages:/home/unitree/unitree_converse/install/bob_llm/lib/python3.8/site-packages:${PYTHONPATH} /usr/bin/python3 -W ignore:setup.py install is deprecated setup.py develop --editable --build-directory /home/unitree/unitree_converse/build/g1_voice/build --no-deps symlink_data
[1.600s] running develop
[1.824s] running egg_info
[1.824s] writing g1_voice.egg-info/PKG-INFO
[1.825s] writing dependency_links to g1_voice.egg-info/dependency_links.txt
[1.825s] writing entry points to g1_voice.egg-info/entry_points.txt
[1.825s] writing requirements to g1_voice.egg-info/requires.txt
[1.825s] writing top-level names to g1_voice.egg-info/top_level.txt
[1.875s] reading manifest file 'g1_voice.egg-info/SOURCES.txt'
[1.876s] writing manifest file 'g1_voice.egg-info/SOURCES.txt'
[1.932s] running build_ext
[1.933s] Creating /home/unitree/unitree_converse/install/g1_voice/lib/python3.8/site-packages/g1-voice.egg-link (link to .)
[1.935s] Installing action_dispatcher_node script to /home/unitree/unitree_converse/install/g1_voice/lib/g1_voice
[1.935s] Installing button_trigger_node script to /home/unitree/unitree_converse/install/g1_voice/lib/g1_voice
[1.935s] Installing robot_state_mock_node script to /home/unitree/unitree_converse/install/g1_voice/lib/g1_voice
[1.935s] Installing stt_node script to /home/unitree/unitree_converse/install/g1_voice/lib/g1_voice
[1.936s] Installing tts_node script to /home/unitree/unitree_converse/install/g1_voice/lib/g1_voice
[1.936s] Installing wake_word_node script to /home/unitree/unitree_converse/install/g1_voice/lib/g1_voice
[1.936s] 
[1.936s] Installed /home/unitree/unitree_converse/build/g1_voice
[1.936s] running symlink_data
[2.008s] Invoked command in '/home/unitree/unitree_converse/build/g1_voice' returned '0': AMENT_PREFIX_PATH=/home/unitree/unitree_converse/install/bob_llm:${AMENT_PREFIX_PATH} CMAKE_PREFIX_PATH=/home/unitree/unitree_converse/install/bob_llm:${CMAKE_PREFIX_PATH} PYTHONPATH=/home/unitree/unitree_converse/build/g1_voice/prefix_override:/usr/lib/python3/dist-packages/colcon_core/task/python/colcon_distutils_commands:/home/unitree/unitree_converse/install/g1_voice/lib/python3.8/site-packages:/home/unitree/unitree_converse/install/bob_llm/lib/python3.8/site-packages:${PYTHONPATH} /usr/bin/python3 -W ignore:setup.py install is deprecated setup.py develop --editable --build-directory /home/unitree/unitree_converse/build/g1_voice/build --no-deps symlink_data
